2026-08-06 22:38:57,023 [INFO] [MainThread] [root/bar_helper.py:594]: AppBarManager need to re-register 1 bar
2026-08-06 22:38:57,035 [INFO] [MainThread] [root/bar_helper.py:603]: Re-registered AppBar for primary-bar_VG34WQML5A_e405e621 (space reservation + fullscreen)
2026-08-06 22:38:58,345 [INFO] [SystrayHook] [systray_hook/systray_hook.py:193]: Injecting into Explorer (PID: 29340)
2026-08-07 01:19:19,382 [INFO] [MainThread] [root/controller.py:43]: Exiting Application...
2026-08-07 01:19:19,484 [INFO] [MainThread] [cli_server/cli_server.py:114]: Log pipe server stopped
2026-08-07 01:19:19,557 [INFO] [MainThread] [root/bar_manager.py:119]: Stopping SystemEventListener...
2026-08-07 01:19:19,559 [INFO] [MainThread] [taskbar_window_manager/window_manager.py:205]: TaskbarWindowManager stopped
2026-08-07 09:19:45,047 [INFO] [MainThread] [root/log.py:104]: YASB v2.0.5
2026-08-07 09:19:45,048 [INFO] [CLIPipeServer] [cli_server/cli_server.py:216]: CLI server started v1.1.7
2026-08-07 09:19:45,048 [INFO] [MainThread] [cli_server/cli_server.py:106]: Log pipe server started
2026-08-07 09:19:45,150 [WARNING] [MainThread] [deprecation/deprecation.py:136]: [DEPRECATED] BarAlignment: 'center' - Use 'align' instead.
2026-08-07 09:19:45,150 [WARNING] [MainThread] [deprecation/deprecation.py:136]: [DEPRECATED] BarBlurEffect: 'acrylic' - No longer supported and can be removed from the config.
2026-08-07 09:19:45,250 [WARNING] [MainThread] [deprecation/deprecation.py:136]: [DEPRECATED] GlazewmWorkspacesConfig: 'hide_empty_workspaces' - No longer supported and can be removed from the config.
2026-08-07 09:19:45,250 [WARNING] [MainThread] [deprecation/deprecation.py:136]: [DEPRECATED] GlazewmWorkspacesConfig: 'btn_shadow' - Use CSS box-shadow instead.
2026-08-07 09:19:45,251 [WARNING] [MainThread] [deprecation/deprecation.py:136]: [DEPRECATED] GlazewmWorkspacesConfig: 'animation' - Use CSS animations instead.
2026-08-07 09:19:45,288 [WARNING] [MainThread] [deprecation/deprecation.py:136]: [DEPRECATED] GlazewmTilingDirectionConfig: 'btn_shadow' - Use CSS box-shadow instead.
2026-08-07 09:19:45,405 [INFO] [SystrayHook] [systray_hook/systray_hook.py:193]: Injecting into Explorer (PID: 37444)
2026-08-07 09:19:45,406 [WARNING] [MainThread] [deprecation/deprecation.py:136]: [DEPRECATED] MediaWidgetConfig: 'label_shadow' - Use CSS text-shadow instead.
2026-08-07 09:19:45,431 [WARNING] [MainThread] [deprecation/deprecation.py:136]: [DEPRECATED] LanguageConfig: 'label_shadow' - Use CSS text-shadow instead.
2026-08-07 09:19:45,437 [WARNING] [MainThread] [deprecation/deprecation.py:140]: [DEPRECATED] VolumeConfig: 'volume_icons' renamed to 'icons' - Use 'icons' with the dictionary format instead.
2026-08-07 09:19:45,437 [WARNING] [MainThread] [deprecation/deprecation.py:136]: [DEPRECATED] VolumeConfig: 'label_shadow' - Use CSS text-shadow instead.
2026-08-07 09:19:45,445 [INFO] [MainThread] [root/service.py:52]: AudioOutputService starting...
2026-08-07 09:19:45,478 [INFO] [MainThread] [root/service.py:41]: AudioInputService starting...
2026-08-07 09:19:45,773 [INFO] [MainThread] [taskbar_window_manager/window_manager.py:178]: TaskbarWindowManager is starting...
2026-08-07 09:19:45,775 [INFO] [MainThread] [root/bar_manager.py:103]: Starting SystemEventListener...
2026-08-07 09:19:45,777 [INFO] [MainThread] [root/watcher.py:65]: Watching directory: c:\users\breno duque\.config\yasb
2026-08-07 09:19:45,777 [INFO] [MainThread] [root/watcher.py:104]: Created file watcher
2026-08-07 09:19:45,801 [INFO] [MainThread] [root/update_service.py:434]: Background update checker started
2026-08-07 09:19:49,286 [ERROR] [SystrayHook] [root/app_icons.py:282]: GetIconInfo failed: 0
Windows fatal exception: code 0x8001010e

Thread 0x00006578 [Thread-6] (most recent call first):
  File "C:\hostedtoolcache\windows\Python\3.14.6\x64\Lib\threading.py", line 369 in wait
  File "C:\hostedtoolcache\windows\Python\3.14.6\x64\Lib\queue.py", line 199 in get
  File "D:\a\yasb\yasb\venv\Lib\site-packages\watchdog\observers\api.py", line 379 in dispatch_events
  File "D:\a\yasb\yasb\venv\Lib\site-packages\watchdog\observers\api.py", line 213 in run
  File "C:\hostedtoolcache\windows\Python\3.14.6\x64\Lib\threading.py", line 1082 in _bootstrap_inner
  File "C:\hostedtoolcache\windows\Python\3.14.6\x64\Lib\threading.py", line 1044 in _bootstrap

Thread 0x00001284 [Thread-7] (most recent call first):
  File "D:\a\yasb\yasb\venv\Lib\site-packages\watchdog\observers\winapi.py", line 326 in read_directory_changes
  File "D:\a\yasb\yasb\venv\Lib\site-packages\watchdog\observers\winapi.py", line 380 in read_events
  File "D:\a\yasb\yasb\venv\Lib\site-packages\watchdog\observers\read_directory_changes.py", line 67 in _read_events
  File "D:\a\yasb\yasb\venv\Lib\site-packages\watchdog\observers\read_directory_changes.py", line 70 in queue_events
  File "D:\a\yasb\yasb\venv\Lib\site-packages\watchdog\observers\api.py", line 158 in run
  File "C:\hostedtoolcache\windows\Python\3.14.6\x64\Lib\threading.py", line 1082 in _bootstrap_inner
  File "C:\hostedtoolcache\windows\Python\3.14.6\x64\Lib\threading.py", line 1044 in _bootstrap

Thread 0x00006a64 [SystemEventListener] (most recent call first):
  File "D:\a\yasb\yasb\src\core\utils\win32\event_listener.py", line 69 in run

Thread 0x00007f88 [SystrayHook] (most recent call first):
  File "D:\a\yasb\yasb\src\core\widgets\services\systray\systray_hook.py", line 247 in run
  File "D:\a\yasb\yasb\src\core\widgets\yasb\systray.py", line 79 in run

Thread 0x0000a39c [_EventWorker] (most recent call first):
  File "D:\a\yasb\yasb\venv\Lib\site-packages\qasync\_windows.py", line 147 in _poll
  File "D:\a\yasb\yasb\venv\Lib\site-packages\qasync\_windows.py", line 72 in select
  File "D:\a\yasb\yasb\venv\Lib\site-packages\qasync\_windows.py", line 199 in run

Thread 0x0000280c [LogPipeServer] (most recent call first):
  File "D:\a\yasb\yasb\src\core\utils\win32\bindings\kernel32.py", line 288 in ConnectNamedPipe
  File "D:\a\yasb\yasb\src\core\utils\cli_server.py", line 138 in _run_server
  File "C:\hostedtoolcache\windows\Python\3.14.6\x64\Lib\threading.py", line 1024 in run
  File "C:\hostedtoolcache\windows\Python\3.14.6\x64\Lib\threading.py", line 1082 in _bootstrap_inner
  File "C:\hostedtoolcache\windows\Python\3.14.6\x64\Lib\threading.py", line 1044 in _bootstrap

Thread 0x0000853c [CLIPipeServer] (most recent call first):
  File "D:\a\yasb\yasb\src\core\utils\win32\bindings\kernel32.py", line 288 in ConnectNamedPipe
  File "D:\a\yasb\yasb\src\core\utils\cli_server.py", line 235 in _run_server
  File "C:\hostedtoolcache\windows\Python\3.14.6\x64\Lib\threading.py", line 1024 in run
  File "C:\hostedtoolcache\windows\Python\3.14.6\x64\Lib\threading.py", line 1082 in _bootstrap_inner
  File "C:\hostedtoolcache\windows\Python\3.14.6\x64\Lib\threading.py", line 1044 in _bootstrap

Current thread 0x0000845c (most recent call first):
  File "C:\hostedtoolcache\windows\Python\3.14.6\x64\Lib\asyncio\events.py", line 94 in _run
  File "D:\a\yasb\yasb\venv\Lib\site-packages\qasync\__init__.py", line 307 in timerEvent
  File "D:\a\yasb\yasb\venv\Lib\site-packages\qasync\__init__.py", line 404 in run_forever
  File "D:\a\yasb\yasb\venv\Lib\site-packages\qasync\__init__.py", line 428 in run_until_complete
  File "main.py", line 100 in main
  File "main.py", line 203 in <module>
  File "D:\a\yasb\yasb\venv\Lib\site-packages\freeze_core\initscripts\console.py", line 27 in run
  File "D:\a\yasb\yasb\venv\Lib\site-packages\freeze_core\initscripts\__startup__.py", line 137 in run

Current thread's C stack trace (most recent call first):
  <cannot get C stack on this system>
2026-08-08 01:06:12,183 [INFO] [MainThread] [root/bar_manager.py:119]: Stopping SystemEventListener...
2026-08-08 01:06:12,223 [INFO] [MainThread] [taskbar_window_manager/window_manager.py:205]: TaskbarWindowManager stopped
2026-08-08 10:44:27,303 [INFO] [MainThread] [root/log.py:104]: YASB v2.0.5
2026-08-08 10:44:27,304 [INFO] [CLIPipeServer] [cli_server/cli_server.py:216]: CLI server started v1.1.7
2026-08-08 10:44:27,305 [INFO] [MainThread] [cli_server/cli_server.py:106]: Log pipe server started
2026-08-08 10:44:27,422 [WARNING] [MainThread] [deprecation/deprecation.py:136]: [DEPRECATED] BarAlignment: 'center' - Use 'align' instead.
2026-08-08 10:44:27,422 [WARNING] [MainThread] [deprecation/deprecation.py:136]: [DEPRECATED] BarBlurEffect: 'acrylic' - No longer supported and can be removed from the config.
2026-08-08 10:44:27,547 [WARNING] [MainThread] [deprecation/deprecation.py:136]: [DEPRECATED] GlazewmWorkspacesConfig: 'hide_empty_workspaces' - No longer supported and can be removed from the config.
2026-08-08 10:44:27,548 [WARNING] [MainThread] [deprecation/deprecation.py:136]: [DEPRECATED] GlazewmWorkspacesConfig: 'btn_shadow' - Use CSS box-shadow instead.
2026-08-08 10:44:27,548 [WARNING] [MainThread] [deprecation/deprecation.py:136]: [DEPRECATED] GlazewmWorkspacesConfig: 'animation' - Use CSS animations instead.
2026-08-08 10:44:27,592 [WARNING] [MainThread] [deprecation/deprecation.py:136]: [DEPRECATED] GlazewmTilingDirectionConfig: 'btn_shadow' - Use CSS box-shadow instead.
2026-08-08 10:44:27,764 [INFO] [SystrayHook] [systray_hook/systray_hook.py:193]: Injecting into Explorer (PID: 33420)
2026-08-08 10:44:27,769 [WARNING] [MainThread] [deprecation/deprecation.py:136]: [DEPRECATED] MediaWidgetConfig: 'label_shadow' - Use CSS text-shadow instead.
2026-08-08 10:44:27,796 [WARNING] [MainThread] [deprecation/deprecation.py:136]: [DEPRECATED] LanguageConfig: 'label_shadow' - Use CSS text-shadow instead.
2026-08-08 10:44:27,803 [WARNING] [MainThread] [deprecation/deprecation.py:140]: [DEPRECATED] VolumeConfig: 'volume_icons' renamed to 'icons' - Use 'icons' with the dictionary format instead.
2026-08-08 10:44:27,803 [WARNING] [MainThread] [deprecation/deprecation.py:136]: [DEPRECATED] VolumeConfig: 'label_shadow' - Use CSS text-shadow instead.
2026-08-08 10:44:27,814 [INFO] [MainThread] [root/service.py:52]: AudioOutputService starting...
2026-08-08 10:44:27,849 [INFO] [MainThread] [root/service.py:41]: AudioInputService starting...
2026-08-08 10:44:28,143 [INFO] [MainThread] [taskbar_window_manager/window_manager.py:178]: TaskbarWindowManager is starting...
2026-08-08 10:44:28,146 [INFO] [MainThread] [root/bar_manager.py:103]: Starting SystemEventListener...
2026-08-08 10:44:28,148 [INFO] [MainThread] [root/watcher.py:65]: Watching directory: c:\users\breno duque\.config\yasb
2026-08-08 10:44:28,148 [INFO] [MainThread] [root/watcher.py:104]: Created file watcher
2026-08-08 10:44:28,170 [INFO] [MainThread] [root/update_service.py:434]: Background update checker started
2026-08-08 10:44:31,867 [ERROR] [SystrayHook] [root/app_icons.py:282]: GetIconInfo failed: 0
2026-08-08 12:19:08,055 [WARNING] [MainThread] [glazewm_client/client.py:134]: WebSocket error: SocketError.RemoteHostClosedError. Reconnecting...
2026-08-08 12:19:08,065 [WARNING] [MainThread] [glazewm_client/client.py:134]: WebSocket error: SocketError.RemoteHostClosedError. Reconnecting...
Windows fatal exception: code 0x8001010e

Thread 0x000089dc [Thread-6] (most recent call first):
  File "C:\hostedtoolcache\windows\Python\3.14.6\x64\Lib\threading.py", line 369 in wait
  File "C:\hostedtoolcache\windows\Python\3.14.6\x64\Lib\queue.py", line 199 in get
  File "D:\a\yasb\yasb\venv\Lib\site-packages\watchdog\observers\api.py", line 379 in dispatch_events
  File "D:\a\yasb\yasb\venv\Lib\site-packages\watchdog\observers\api.py", line 213 in run
  File "C:\hostedtoolcache\windows\Python\3.14.6\x64\Lib\threading.py", line 1082 in _bootstrap_inner
  File "C:\hostedtoolcache\windows\Python\3.14.6\x64\Lib\threading.py", line 1044 in _bootstrap

Thread 0x00000d10 [Thread-7] (most recent call first):
  File "D:\a\yasb\yasb\venv\Lib\site-packages\watchdog\observers\winapi.py", line 326 in read_directory_changes
  File "D:\a\yasb\yasb\venv\Lib\site-packages\watchdog\observers\winapi.py", line 380 in read_events
  File "D:\a\yasb\yasb\venv\Lib\site-packages\watchdog\observers\read_directory_changes.py", line 67 in _read_events
  File "D:\a\yasb\yasb\venv\Lib\site-packages\watchdog\observers\read_directory_changes.py", line 70 in queue_events
  File "D:\a\yasb\yasb\venv\Lib\site-packages\watchdog\observers\api.py", line 158 in run
  File "C:\hostedtoolcache\windows\Python\3.14.6\x64\Lib\threading.py", line 1082 in _bootstrap_inner
  File "C:\hostedtoolcache\windows\Python\3.14.6\x64\Lib\threading.py", line 1044 in _bootstrap

Thread 0x00000348 [SystemEventListener] (most recent call first):
  File "D:\a\yasb\yasb\src\core\utils\win32\event_listener.py", line 69 in run

Thread 0x000087e4 [SystrayHook] (most recent call first):
  File "D:\a\yasb\yasb\src\core\widgets\services\systray\systray_hook.py", line 247 in run
  File "D:\a\yasb\yasb\src\core\widgets\yasb\systray.py", line 79 in run

Thread 0x000078a4 [_EventWorker] (most recent call first):
  File "D:\a\yasb\yasb\venv\Lib\site-packages\qasync\_windows.py", line 147 in _poll
  File "D:\a\yasb\yasb\venv\Lib\site-packages\qasync\_windows.py", line 72 in select
  File "D:\a\yasb\yasb\venv\Lib\site-packages\qasync\_windows.py", line 199 in run

Thread 0x0000572c [LogPipeServer] (most recent call first):
  File "D:\a\yasb\yasb\src\core\utils\win32\bindings\kernel32.py", line 288 in ConnectNamedPipe
  File "D:\a\yasb\yasb\src\core\utils\cli_server.py", line 138 in _run_server
  File "C:\hostedtoolcache\windows\Python\3.14.6\x64\Lib\threading.py", line 1024 in run
  File "C:\hostedtoolcache\windows\Python\3.14.6\x64\Lib\threading.py", line 1082 in _bootstrap_inner
  File "C:\hostedtoolcache\windows\Python\3.14.6\x64\Lib\threading.py", line 1044 in _bootstrap

Thread 0x00005c1c [CLIPipeServer] (most recent call first):
  File "D:\a\yasb\yasb\src\core\utils\win32\bindings\kernel32.py", line 288 in ConnectNamedPipe
  File "D:\a\yasb\yasb\src\core\utils\cli_server.py", line 235 in _run_server
  File "C:\hostedtoolcache\windows\Python\3.14.6\x64\Lib\threading.py", line 1024 in run
  File "C:\hostedtoolcache\windows\Python\3.14.6\x64\Lib\threading.py", line 1082 in _bootstrap_inner
  File "C:\hostedtoolcache\windows\Python\3.14.6\x64\Lib\threading.py", line 1044 in _bootstrap

Current thread 0x00005888 (most recent call first):
  File "C:\hostedtoolcache\windows\Python\3.14.6\x64\Lib\asyncio\events.py", line 94 in _run
  File "D:\a\yasb\yasb\venv\Lib\site-packages\qasync\__init__.py", line 307 in timerEvent
  File "D:\a\yasb\yasb\venv\Lib\site-packages\qasync\__init__.py", line 404 in run_forever
  File "D:\a\yasb\yasb\venv\Lib\site-packages\qasync\__init__.py", line 428 in run_until_complete
  File "main.py", line 100 in main
  File "main.py", line 203 in <module>
  File "D:\a\yasb\yasb\venv\Lib\site-packages\freeze_core\initscripts\console.py", line 27 in run
  File "D:\a\yasb\yasb\venv\Lib\site-packages\freeze_core\initscripts\__startup__.py", line 137 in run

Current thread's C stack trace (most recent call first):
  <cannot get C stack on this system>
2026-08-08 23:59:24,052 [INFO] [MainThread] [root/bar_manager.py:119]: Stopping SystemEventListener...
2026-08-08 23:59:24,122 [INFO] [MainThread] [taskbar_window_manager/window_manager.py:205]: TaskbarWindowManager stopped
2026-08-09 10:15:09,875 [INFO] [MainThread] [root/log.py:104]: YASB v2.0.5
2026-08-09 10:15:09,876 [INFO] [CLIPipeServer] [cli_server/cli_server.py:216]: CLI server started v1.1.7
2026-08-09 10:15:09,876 [INFO] [MainThread] [cli_server/cli_server.py:106]: Log pipe server started
2026-08-09 10:15:09,983 [WARNING] [MainThread] [deprecation/deprecation.py:136]: [DEPRECATED] BarAlignment: 'center' - Use 'align' instead.
2026-08-09 10:15:09,983 [WARNING] [MainThread] [deprecation/deprecation.py:136]: [DEPRECATED] BarBlurEffect: 'acrylic' - No longer supported and can be removed from the config.
2026-08-09 10:15:10,101 [WARNING] [MainThread] [deprecation/deprecation.py:136]: [DEPRECATED] GlazewmWorkspacesConfig: 'hide_empty_workspaces' - No longer supported and can be removed from the config.
2026-08-09 10:15:10,101 [WARNING] [MainThread] [deprecation/deprecation.py:136]: [DEPRECATED] GlazewmWorkspacesConfig: 'btn_shadow' - Use CSS box-shadow instead.
2026-08-09 10:15:10,101 [WARNING] [MainThread] [deprecation/deprecation.py:136]: [DEPRECATED] GlazewmWorkspacesConfig: 'animation' - Use CSS animations instead.
2026-08-09 10:15:10,158 [WARNING] [MainThread] [deprecation/deprecation.py:136]: [DEPRECATED] GlazewmTilingDirectionConfig: 'btn_shadow' - Use CSS box-shadow instead.
2026-08-09 10:15:10,310 [INFO] [SystrayHook] [systray_hook/systray_hook.py:193]: Injecting into Explorer (PID: 27448)
2026-08-09 10:15:10,314 [WARNING] [MainThread] [deprecation/deprecation.py:136]: [DEPRECATED] MediaWidgetConfig: 'label_shadow' - Use CSS text-shadow instead.
2026-08-09 10:15:10,347 [WARNING] [MainThread] [deprecation/deprecation.py:136]: [DEPRECATED] LanguageConfig: 'label_shadow' - Use CSS text-shadow instead.
2026-08-09 10:15:10,355 [WARNING] [MainThread] [deprecation/deprecation.py:140]: [DEPRECATED] VolumeConfig: 'volume_icons' renamed to 'icons' - Use 'icons' with the dictionary format instead.
2026-08-09 10:15:10,355 [WARNING] [MainThread] [deprecation/deprecation.py:136]: [DEPRECATED] VolumeConfig: 'label_shadow' - Use CSS text-shadow instead.
2026-08-09 10:15:10,368 [INFO] [MainThread] [root/service.py:52]: AudioOutputService starting...
2026-08-09 10:15:10,405 [INFO] [MainThread] [root/service.py:41]: AudioInputService starting...
2026-08-09 10:15:10,748 [INFO] [MainThread] [taskbar_window_manager/window_manager.py:178]: TaskbarWindowManager is starting...
2026-08-09 10:15:10,752 [INFO] [MainThread] [root/bar_manager.py:103]: Starting SystemEventListener...
2026-08-09 10:15:10,753 [INFO] [MainThread] [root/watcher.py:65]: Watching directory: c:\users\breno duque\.config\yasb
2026-08-09 10:15:10,754 [INFO] [MainThread] [root/watcher.py:104]: Created file watcher
2026-08-09 10:15:10,776 [INFO] [MainThread] [root/update_service.py:434]: Background update checker started
2026-08-09 10:15:12,956 [ERROR] [SystrayHook] [root/app_icons.py:282]: GetIconInfo failed: 0
2026-08-09 19:31:45,868 [INFO] [MainThread] [root/controller.py:43]: Exiting Application from tray...
2026-08-09 19:31:45,970 [INFO] [MainThread] [cli_server/cli_server.py:114]: Log pipe server stopped
2026-08-09 19:31:46,054 [INFO] [MainThread] [root/bar_manager.py:119]: Stopping SystemEventListener...
2026-08-09 19:31:46,058 [INFO] [MainThread] [taskbar_window_manager/window_manager.py:205]: TaskbarWindowManager stopped
2026-08-10 08:18:13,579 [INFO] [MainThread] [root/log.py:104]: YASB v2.0.5
2026-08-10 08:18:13,579 [INFO] [CLIPipeServer] [cli_server/cli_server.py:216]: CLI server started v1.1.7
2026-08-10 08:18:13,580 [INFO] [MainThread] [cli_server/cli_server.py:106]: Log pipe server started
2026-08-10 08:18:13,690 [WARNING] [MainThread] [deprecation/deprecation.py:136]: [DEPRECATED] BarAlignment: 'center' - Use 'align' instead.
2026-08-10 08:18:13,690 [WARNING] [MainThread] [deprecation/deprecation.py:136]: [DEPRECATED] BarBlurEffect: 'acrylic' - No longer supported and can be removed from the config.
2026-08-10 08:18:13,859 [WARNING] [MainThread] [deprecation/deprecation.py:136]: [DEPRECATED] GlazewmWorkspacesConfig: 'hide_empty_workspaces' - No longer supported and can be removed from the config.
2026-08-10 08:18:13,859 [WARNING] [MainThread] [deprecation/deprecation.py:136]: [DEPRECATED] GlazewmWorkspacesConfig: 'btn_shadow' - Use CSS box-shadow instead.
2026-08-10 08:18:13,859 [WARNING] [MainThread] [deprecation/deprecation.py:136]: [DEPRECATED] GlazewmWorkspacesConfig: 'animation' - Use CSS animations instead.
2026-08-10 08:18:13,905 [WARNING] [MainThread] [deprecation/deprecation.py:136]: [DEPRECATED] GlazewmTilingDirectionConfig: 'btn_shadow' - Use CSS box-shadow instead.
2026-08-10 08:18:14,053 [INFO] [SystrayHook] [systray_hook/systray_hook.py:193]: Injecting into Explorer (PID: 41704)
2026-08-10 08:18:14,058 [WARNING] [MainThread] [deprecation/deprecation.py:136]: [DEPRECATED] MediaWidgetConfig: 'label_shadow' - Use CSS text-shadow instead.
2026-08-10 08:18:14,087 [WARNING] [MainThread] [deprecation/deprecation.py:136]: [DEPRECATED] LanguageConfig: 'label_shadow' - Use CSS text-shadow instead.
2026-08-10 08:18:14,094 [WARNING] [MainThread] [deprecation/deprecation.py:140]: [DEPRECATED] VolumeConfig: 'volume_icons' renamed to 'icons' - Use 'icons' with the dictionary format instead.
2026-08-10 08:18:14,094 [WARNING] [MainThread] [deprecation/deprecation.py:136]: [DEPRECATED] VolumeConfig: 'label_shadow' - Use CSS text-shadow instead.
2026-08-10 08:18:14,103 [INFO] [MainThread] [root/service.py:52]: AudioOutputService starting...
2026-08-10 08:18:14,135 [INFO] [MainThread] [root/service.py:41]: AudioInputService starting...
2026-08-10 08:18:14,486 [INFO] [MainThread] [taskbar_window_manager/window_manager.py:178]: TaskbarWindowManager is starting...
2026-08-10 08:18:14,488 [INFO] [MainThread] [root/bar_manager.py:103]: Starting SystemEventListener...
2026-08-10 08:18:14,490 [INFO] [MainThread] [root/watcher.py:65]: Watching directory: c:\users\breno duque\.config\yasb
2026-08-10 08:18:14,490 [INFO] [MainThread] [root/watcher.py:104]: Created file watcher
2026-08-10 08:18:14,513 [INFO] [MainThread] [root/update_service.py:434]: Background update checker started
2026-08-10 08:18:17,214 [ERROR] [SystrayHook] [root/app_icons.py:282]: GetIconInfo failed: 0
2026-08-10 09:08:39,073 [INFO] [MainThread] [root/bar_manager.py:119]: Stopping SystemEventListener...
2026-08-10 09:08:39,073 [INFO] [MainThread] [taskbar_window_manager/window_manager.py:205]: TaskbarWindowManager stopped
2026-08-10 09:08:39,172 [ERROR] [MainThread] [qasync._QEventLoop/__init__.py:770]: Exception in callback Task.task_wakeup()
handle: <Handle Task.task_wakeup()>
Traceback (most recent call last):
  File "C:\hostedtoolcache\windows\Python\3.14.6\x64\Lib\asyncio\events.py", line 94, in _run
RuntimeError: loop <QIOCPEventLoop running=False closed=False debug=False> is not the running loop
2026-08-10 09:08:39,174 [ERROR] [MainThread] [root/main.py:205]: Exception during application startup
Traceback (most recent call last):
  File "main.py", line 203, in <module>
  File "main.py", line 100, in main
  File "D:\a\yasb\yasb\venv\Lib\site-packages\qasync\__init__.py", line 435, in run_until_complete
RuntimeError: Event loop stopped before Future completed.
2026-08-10 09:21:20,074 [INFO] [MainThread] [root/log.py:104]: YASB v2.0.6
2026-08-10 09:21:20,074 [INFO] [CLIPipeServer] [cli_server/cli_server.py:216]: CLI server started v1.1.7
2026-08-10 09:21:20,074 [INFO] [MainThread] [cli_server/cli_server.py:106]: Log pipe server started
2026-08-10 09:21:20,142 [WARNING] [MainThread] [deprecation/deprecation.py:146]: [DEPRECATED] BarAlignment: 'center' - Use 'align' instead.
2026-08-10 09:21:20,142 [WARNING] [MainThread] [deprecation/deprecation.py:146]: [DEPRECATED] BarBlurEffect: 'acrylic' - No longer supported and can be removed from the config.
2026-08-10 09:21:20,904 [WARNING] [MainThread] [deprecation/deprecation.py:146]: [DEPRECATED] GlazewmWorkspacesConfig: 'hide_empty_workspaces' - No longer supported and can be removed from the config.
2026-08-10 09:21:20,904 [WARNING] [MainThread] [deprecation/deprecation.py:146]: [DEPRECATED] GlazewmWorkspacesConfig: 'btn_shadow' - Use CSS box-shadow instead.
2026-08-10 09:21:20,904 [WARNING] [MainThread] [deprecation/deprecation.py:146]: [DEPRECATED] GlazewmWorkspacesConfig: 'animation' - Use CSS animations instead.
2026-08-10 09:21:20,971 [WARNING] [MainThread] [deprecation/deprecation.py:146]: [DEPRECATED] GlazewmTilingDirectionConfig: 'btn_shadow' - Use CSS box-shadow instead.
2026-08-10 09:21:22,021 [INFO] [SystrayHook] [systray_hook/systray_hook.py:193]: Injecting into Explorer (PID: 18388)
2026-08-10 09:21:22,510 [WARNING] [MainThread] [deprecation/deprecation.py:146]: [DEPRECATED] MediaWidgetConfig: 'label_shadow' - Use CSS text-shadow instead.
2026-08-10 09:21:22,961 [WARNING] [MainThread] [deprecation/deprecation.py:146]: [DEPRECATED] LanguageConfig: 'label_shadow' - Use CSS text-shadow instead.
2026-08-10 09:21:22,966 [WARNING] [MainThread] [deprecation/deprecation.py:150]: [DEPRECATED] VolumeConfig: 'volume_icons' renamed to 'icons' - Use 'icons' with the dictionary format instead.
2026-08-10 09:21:22,966 [WARNING] [MainThread] [deprecation/deprecation.py:146]: [DEPRECATED] VolumeConfig: 'label_shadow' - Use CSS text-shadow instead.
2026-08-10 09:21:22,974 [INFO] [MainThread] [root/service.py:52]: AudioOutputService starting...
2026-08-10 09:21:23,001 [INFO] [MainThread] [root/service.py:41]: AudioInputService starting...
2026-08-10 09:21:23,808 [INFO] [MainThread] [taskbar_window_manager/window_manager.py:178]: TaskbarWindowManager is starting...
2026-08-10 09:21:23,811 [INFO] [MainThread] [root/bar_manager.py:103]: Starting SystemEventListener...
2026-08-10 09:21:23,812 [INFO] [MainThread] [root/watcher.py:65]: Watching directory: c:\users\breno duque\.config\yasb
2026-08-10 09:21:23,812 [INFO] [MainThread] [root/watcher.py:104]: Created file watcher
2026-08-10 09:21:23,828 [INFO] [MainThread] [root/update_service.py:434]: Background update checker started
2026-08-11 02:25:53,841 [INFO] [MainThread] [root/bar_manager.py:119]: Stopping SystemEventListener...
2026-08-11 02:25:53,904 [INFO] [MainThread] [taskbar_window_manager/window_manager.py:205]: TaskbarWindowManager stopped
2026-08-11 10:01:42,997 [INFO] [MainThread] [root/log.py:104]: YASB v2.0.6
2026-08-11 10:01:42,998 [INFO] [CLIPipeServer] [cli_server/cli_server.py:216]: CLI server started v1.1.7
2026-08-11 10:01:42,998 [INFO] [MainThread] [cli_server/cli_server.py:106]: Log pipe server started
2026-08-11 10:01:43,096 [WARNING] [MainThread] [deprecation/deprecation.py:146]: [DEPRECATED] BarAlignment: 'center' - Use 'align' instead.
2026-08-11 10:01:43,096 [WARNING] [MainThread] [deprecation/deprecation.py:146]: [DEPRECATED] BarBlurEffect: 'acrylic' - No longer supported and can be removed from the config.
2026-08-11 10:01:43,194 [WARNING] [MainThread] [deprecation/deprecation.py:146]: [DEPRECATED] GlazewmWorkspacesConfig: 'hide_empty_workspaces' - No longer supported and can be removed from the config.
2026-08-11 10:01:43,194 [WARNING] [MainThread] [deprecation/deprecation.py:146]: [DEPRECATED] GlazewmWorkspacesConfig: 'btn_shadow' - Use CSS box-shadow instead.
2026-08-11 10:01:43,194 [WARNING] [MainThread] [deprecation/deprecation.py:146]: [DEPRECATED] GlazewmWorkspacesConfig: 'animation' - Use CSS animations instead.
2026-08-11 10:01:43,233 [WARNING] [MainThread] [deprecation/deprecation.py:146]: [DEPRECATED] GlazewmTilingDirectionConfig: 'btn_shadow' - Use CSS box-shadow instead.
2026-08-11 10:01:43,354 [INFO] [SystrayHook] [systray_hook/systray_hook.py:193]: Injecting into Explorer (PID: 26700)
2026-08-11 10:01:43,362 [WARNING] [MainThread] [deprecation/deprecation.py:146]: [DEPRECATED] MediaWidgetConfig: 'label_shadow' - Use CSS text-shadow instead.
2026-08-11 10:01:43,430 [WARNING] [MainThread] [deprecation/deprecation.py:146]: [DEPRECATED] LanguageConfig: 'label_shadow' - Use CSS text-shadow instead.
2026-08-11 10:01:43,436 [WARNING] [MainThread] [deprecation/deprecation.py:150]: [DEPRECATED] VolumeConfig: 'volume_icons' renamed to 'icons' - Use 'icons' with the dictionary format instead.
2026-08-11 10:01:43,436 [WARNING] [MainThread] [deprecation/deprecation.py:146]: [DEPRECATED] VolumeConfig: 'label_shadow' - Use CSS text-shadow instead.
2026-08-11 10:01:43,446 [INFO] [MainThread] [root/service.py:52]: AudioOutputService starting...
2026-08-11 10:01:43,485 [INFO] [MainThread] [root/service.py:41]: AudioInputService starting...
2026-08-11 10:01:43,795 [INFO] [MainThread] [taskbar_window_manager/window_manager.py:178]: TaskbarWindowManager is starting...
2026-08-11 10:01:43,797 [INFO] [MainThread] [root/bar_manager.py:103]: Starting SystemEventListener...
2026-08-11 10:01:43,799 [INFO] [MainThread] [root/watcher.py:65]: Watching directory: c:\users\breno duque\.config\yasb
2026-08-11 10:01:43,799 [INFO] [MainThread] [root/watcher.py:104]: Created file watcher
2026-08-11 10:01:43,811 [INFO] [MainThread] [root/update_service.py:434]: Background update checker started
2026-08-12 00:08:37,972 [INFO] [MainThread] [root/bar_manager.py:119]: Stopping SystemEventListener...
2026-08-12 00:08:38,060 [INFO] [MainThread] [taskbar_window_manager/window_manager.py:205]: TaskbarWindowManager stopped
2026-08-12 09:33:06,949 [INFO] [MainThread] [root/log.py:104]: YASB v2.0.6
2026-08-12 09:33:06,950 [INFO] [CLIPipeServer] [cli_server/cli_server.py:216]: CLI server started v1.1.7
2026-08-12 09:33:06,950 [INFO] [MainThread] [cli_server/cli_server.py:106]: Log pipe server started
2026-08-12 09:33:07,057 [WARNING] [MainThread] [deprecation/deprecation.py:146]: [DEPRECATED] BarAlignment: 'center' - Use 'align' instead.
2026-08-12 09:33:07,057 [WARNING] [MainThread] [deprecation/deprecation.py:146]: [DEPRECATED] BarBlurEffect: 'acrylic' - No longer supported and can be removed from the config.
2026-08-12 09:33:07,164 [WARNING] [MainThread] [deprecation/deprecation.py:146]: [DEPRECATED] GlazewmWorkspacesConfig: 'hide_empty_workspaces' - No longer supported and can be removed from the config.
2026-08-12 09:33:07,164 [WARNING] [MainThread] [deprecation/deprecation.py:146]: [DEPRECATED] GlazewmWorkspacesConfig: 'btn_shadow' - Use CSS box-shadow instead.
2026-08-12 09:33:07,164 [WARNING] [MainThread] [deprecation/deprecation.py:146]: [DEPRECATED] GlazewmWorkspacesConfig: 'animation' - Use CSS animations instead.
2026-08-12 09:33:07,209 [WARNING] [MainThread] [deprecation/deprecation.py:146]: [DEPRECATED] GlazewmTilingDirectionConfig: 'btn_shadow' - Use CSS box-shadow instead.
2026-08-12 09:33:07,327 [INFO] [SystrayHook] [systray_hook/systray_hook.py:193]: Injecting into Explorer (PID: 26376)
2026-08-12 09:33:07,333 [WARNING] [MainThread] [deprecation/deprecation.py:146]: [DEPRECATED] MediaWidgetConfig: 'label_shadow' - Use CSS text-shadow instead.
2026-08-12 09:33:07,416 [WARNING] [MainThread] [deprecation/deprecation.py:146]: [DEPRECATED] LanguageConfig: 'label_shadow' - Use CSS text-shadow instead.
2026-08-12 09:33:07,425 [WARNING] [MainThread] [deprecation/deprecation.py:150]: [DEPRECATED] VolumeConfig: 'volume_icons' renamed to 'icons' - Use 'icons' with the dictionary format instead.
2026-08-12 09:33:07,425 [WARNING] [MainThread] [deprecation/deprecation.py:146]: [DEPRECATED] VolumeConfig: 'label_shadow' - Use CSS text-shadow instead.
2026-08-12 09:33:07,440 [INFO] [MainThread] [root/service.py:52]: AudioOutputService starting...
2026-08-12 09:33:07,484 [INFO] [MainThread] [root/service.py:41]: AudioInputService starting...
2026-08-12 09:33:07,844 [INFO] [MainThread] [taskbar_window_manager/window_manager.py:178]: TaskbarWindowManager is starting...
2026-08-12 09:33:07,847 [INFO] [MainThread] [root/bar_manager.py:103]: Starting SystemEventListener...
2026-08-12 09:33:07,849 [INFO] [MainThread] [root/watcher.py:65]: Watching directory: c:\users\breno duque\.config\yasb
2026-08-12 09:33:07,849 [INFO] [MainThread] [root/watcher.py:104]: Created file watcher
2026-08-12 09:33:07,864 [INFO] [MainThread] [root/update_service.py:434]: Background update checker started
2026-08-12 20:41:51,040 [INFO] [MainThread] [root/bar.py:153]: Screen geometry changed. Updating position for bar primary-bar on screen VG34WQML5A
2026-08-13 01:31:54,010 [INFO] [MainThread] [root/bar_manager.py:119]: Stopping SystemEventListener...
2026-08-13 01:31:54,168 [INFO] [MainThread] [taskbar_window_manager/window_manager.py:205]: TaskbarWindowManager stopped
2026-08-13 09:29:13,503 [INFO] [MainThread] [root/log.py:104]: YASB v2.0.6
2026-08-13 09:29:13,504 [INFO] [CLIPipeServer] [cli_server/cli_server.py:216]: CLI server started v1.1.7
2026-08-13 09:29:13,504 [INFO] [MainThread] [cli_server/cli_server.py:106]: Log pipe server started
2026-08-13 09:29:13,619 [WARNING] [MainThread] [deprecation/deprecation.py:146]: [DEPRECATED] BarAlignment: 'center' - Use 'align' instead.
2026-08-13 09:29:13,619 [WARNING] [MainThread] [deprecation/deprecation.py:146]: [DEPRECATED] BarBlurEffect: 'acrylic' - No longer supported and can be removed from the config.
2026-08-13 09:29:13,767 [WARNING] [MainThread] [deprecation/deprecation.py:146]: [DEPRECATED] GlazewmWorkspacesConfig: 'hide_empty_workspaces' - No longer supported and can be removed from the config.
2026-08-13 09:29:13,768 [WARNING] [MainThread] [deprecation/deprecation.py:146]: [DEPRECATED] GlazewmWorkspacesConfig: 'btn_shadow' - Use CSS box-shadow instead.
2026-08-13 09:29:13,768 [WARNING] [MainThread] [deprecation/deprecation.py:146]: [DEPRECATED] GlazewmWorkspacesConfig: 'animation' - Use CSS animations instead.
2026-08-13 09:29:13,814 [WARNING] [MainThread] [deprecation/deprecation.py:146]: [DEPRECATED] GlazewmTilingDirectionConfig: 'btn_shadow' - Use CSS box-shadow instead.
2026-08-13 09:29:13,945 [INFO] [SystrayHook] [systray_hook/systray_hook.py:193]: Injecting into Explorer (PID: 7512)
2026-08-13 09:29:14,070 [WARNING] [MainThread] [deprecation/deprecation.py:146]: [DEPRECATED] MediaWidgetConfig: 'label_shadow' - Use CSS text-shadow instead.
2026-08-13 09:29:14,141 [WARNING] [MainThread] [deprecation/deprecation.py:146]: [DEPRECATED] LanguageConfig: 'label_shadow' - Use CSS text-shadow instead.
2026-08-13 09:29:14,147 [WARNING] [MainThread] [deprecation/deprecation.py:150]: [DEPRECATED] VolumeConfig: 'volume_icons' renamed to 'icons' - Use 'icons' with the dictionary format instead.
2026-08-13 09:29:14,147 [WARNING] [MainThread] [deprecation/deprecation.py:146]: [DEPRECATED] VolumeConfig: 'label_shadow' - Use CSS text-shadow instead.
2026-08-13 09:29:14,156 [INFO] [MainThread] [root/service.py:52]: AudioOutputService starting...
2026-08-13 09:29:14,191 [INFO] [MainThread] [root/service.py:41]: AudioInputService starting...
2026-08-13 09:29:14,548 [INFO] [MainThread] [taskbar_window_manager/window_manager.py:178]: TaskbarWindowManager is starting...
2026-08-13 09:29:14,550 [INFO] [MainThread] [root/bar_manager.py:103]: Starting SystemEventListener...
2026-08-13 09:29:14,554 [INFO] [MainThread] [root/watcher.py:65]: Watching directory: c:\users\breno duque\.config\yasb
2026-08-13 09:29:14,554 [INFO] [MainThread] [root/watcher.py:104]: Created file watcher
2026-08-13 09:29:14,567 [INFO] [MainThread] [root/update_service.py:434]: Background update checker started
2026-08-13 09:29:14,615 [ERROR] [UpdateChecker] [root/update_service.py:306]: Unexpected error checking for updates: [Errno 9] Bad file descriptor
2026-08-13 09:29:14,615 [WARNING] [UpdateChecker] [root/update_service.py:430]: Background update check failed: [Errno 9] Bad file descriptor
2026-08-13 12:18:10,703 [INFO] [MainThread] [root/bar_manager.py:97]: Screens updated. Re-initialising all bars.
2026-08-13 12:18:10,703 [INFO] [MainThread] [root/controller.py:21]: Reloading Application because of screen update.
2026-08-13 12:18:10,807 [INFO] [MainThread] [cli_server/cli_server.py:114]: Log pipe server stopped
2026-08-13 12:18:10,825 [INFO] [MainThread] [root/bar_manager.py:119]: Stopping SystemEventListener...
2026-08-13 12:18:10,826 [INFO] [MainThread] [taskbar_window_manager/window_manager.py:205]: TaskbarWindowManager stopped
2026-08-13 12:18:11,129 [INFO] [MainThread] [root/log.py:104]: YASB v2.0.6
2026-08-13 12:18:11,130 [INFO] [CLIPipeServer] [cli_server/cli_server.py:216]: CLI server started v1.1.7
2026-08-13 12:18:11,130 [INFO] [MainThread] [cli_server/cli_server.py:106]: Log pipe server started
2026-08-13 12:18:11,157 [WARNING] [MainThread] [deprecation/deprecation.py:146]: [DEPRECATED] BarAlignment: 'center' - Use 'align' instead.
2026-08-13 12:18:11,157 [WARNING] [MainThread] [deprecation/deprecation.py:146]: [DEPRECATED] BarBlurEffect: 'acrylic' - No longer supported and can be removed from the config.
2026-08-13 12:18:11,185 [WARNING] [MainThread] [deprecation/deprecation.py:146]: [DEPRECATED] GlazewmWorkspacesConfig: 'hide_empty_workspaces' - No longer supported and can be removed from the config.
2026-08-13 12:18:11,185 [WARNING] [MainThread] [deprecation/deprecation.py:146]: [DEPRECATED] GlazewmWorkspacesConfig: 'btn_shadow' - Use CSS box-shadow instead.
2026-08-13 12:18:11,186 [WARNING] [MainThread] [deprecation/deprecation.py:146]: [DEPRECATED] GlazewmWorkspacesConfig: 'animation' - Use CSS animations instead.
2026-08-13 12:18:11,195 [WARNING] [MainThread] [deprecation/deprecation.py:146]: [DEPRECATED] GlazewmTilingDirectionConfig: 'btn_shadow' - Use CSS box-shadow instead.
2026-08-13 12:18:11,254 [WARNING] [MainThread] [deprecation/deprecation.py:146]: [DEPRECATED] MediaWidgetConfig: 'label_shadow' - Use CSS text-shadow instead.
2026-08-13 12:18:11,278 [WARNING] [MainThread] [deprecation/deprecation.py:146]: [DEPRECATED] LanguageConfig: 'label_shadow' - Use CSS text-shadow instead.
2026-08-13 12:18:11,283 [WARNING] [MainThread] [deprecation/deprecation.py:150]: [DEPRECATED] VolumeConfig: 'volume_icons' renamed to 'icons' - Use 'icons' with the dictionary format instead.
2026-08-13 12:18:11,283 [WARNING] [MainThread] [deprecation/deprecation.py:146]: [DEPRECATED] VolumeConfig: 'label_shadow' - Use CSS text-shadow instead.
2026-08-13 12:18:11,291 [INFO] [MainThread] [root/service.py:52]: AudioOutputService starting...
2026-08-13 12:18:11,302 [INFO] [SystrayHook] [systray_hook/systray_hook.py:193]: Injecting into Explorer (PID: 7512)
2026-08-13 12:18:11,317 [INFO] [MainThread] [root/service.py:41]: AudioInputService starting...
2026-08-13 12:18:11,666 [INFO] [MainThread] [taskbar_window_manager/window_manager.py:178]: TaskbarWindowManager is starting...
2026-08-13 12:18:12,479 [INFO] [MainThread] [root/bar_manager.py:103]: Starting SystemEventListener...
2026-08-13 12:18:12,481 [INFO] [MainThread] [root/watcher.py:65]: Watching directory: c:\users\breno duque\.config\yasb
2026-08-13 12:18:12,481 [INFO] [MainThread] [root/watcher.py:104]: Created file watcher
2026-08-13 12:18:12,502 [INFO] [MainThread] [root/update_service.py:434]: Background update checker started
2026-08-13 12:18:13,411 [INFO] [MainThread] [root/bar.py:153]: Screen geometry changed. Updating position for bar primary-bar on screen \\.\DISPLAY2
2026-08-13 12:20:07,902 [INFO] [MainThread] [root/bar.py:153]: Screen geometry changed. Updating position for bar primary-bar on screen \\.\DISPLAY2
2026-08-13 12:20:11,124 [INFO] [MainThread] [root/bar.py:153]: Screen geometry changed. Updating position for bar primary-bar on screen \\.\DISPLAY2
2026-08-13 14:15:35,204 [INFO] [MainThread] [root/bar_manager.py:97]: Screens updated. Re-initialising all bars.
2026-08-13 14:15:35,204 [INFO] [MainThread] [root/controller.py:21]: Reloading Application because of screen update.
2026-08-13 14:15:35,306 [INFO] [MainThread] [cli_server/cli_server.py:114]: Log pipe server stopped
2026-08-13 14:15:35,326 [INFO] [MainThread] [root/bar.py:153]: Screen geometry changed. Updating position for bar primary-bar on screen \\.\DISPLAY2
2026-08-13 14:15:35,382 [INFO] [MainThread] [root/bar_manager.py:119]: Stopping SystemEventListener...
2026-08-13 14:15:35,383 [INFO] [MainThread] [taskbar_window_manager/window_manager.py:205]: TaskbarWindowManager stopped
2026-08-13 14:15:35,719 [INFO] [MainThread] [root/log.py:104]: YASB v2.0.6
2026-08-13 14:15:35,720 [INFO] [CLIPipeServer] [cli_server/cli_server.py:216]: CLI server started v1.1.7
2026-08-13 14:15:35,721 [INFO] [MainThread] [cli_server/cli_server.py:106]: Log pipe server started
2026-08-13 14:15:35,756 [WARNING] [MainThread] [deprecation/deprecation.py:146]: [DEPRECATED] BarAlignment: 'center' - Use 'align' instead.
2026-08-13 14:15:35,756 [WARNING] [MainThread] [deprecation/deprecation.py:146]: [DEPRECATED] BarBlurEffect: 'acrylic' - No longer supported and can be removed from the config.
2026-08-13 14:15:35,785 [WARNING] [MainThread] [deprecation/deprecation.py:146]: [DEPRECATED] GlazewmWorkspacesConfig: 'hide_empty_workspaces' - No longer supported and can be removed from the config.
2026-08-13 14:15:35,785 [WARNING] [MainThread] [deprecation/deprecation.py:146]: [DEPRECATED] GlazewmWorkspacesConfig: 'btn_shadow' - Use CSS box-shadow instead.
2026-08-13 14:15:35,785 [WARNING] [MainThread] [deprecation/deprecation.py:146]: [DEPRECATED] GlazewmWorkspacesConfig: 'animation' - Use CSS animations instead.
2026-08-13 14:15:35,798 [WARNING] [MainThread] [deprecation/deprecation.py:146]: [DEPRECATED] GlazewmTilingDirectionConfig: 'btn_shadow' - Use CSS box-shadow instead.
2026-08-13 14:15:35,862 [WARNING] [MainThread] [deprecation/deprecation.py:146]: [DEPRECATED] MediaWidgetConfig: 'label_shadow' - Use CSS text-shadow instead.
2026-08-13 14:15:35,888 [WARNING] [MainThread] [deprecation/deprecation.py:146]: [DEPRECATED] LanguageConfig: 'label_shadow' - Use CSS text-shadow instead.
2026-08-13 14:15:35,893 [WARNING] [MainThread] [deprecation/deprecation.py:150]: [DEPRECATED] VolumeConfig: 'volume_icons' renamed to 'icons' - Use 'icons' with the dictionary format instead.
2026-08-13 14:15:35,893 [WARNING] [MainThread] [deprecation/deprecation.py:146]: [DEPRECATED] VolumeConfig: 'label_shadow' - Use CSS text-shadow instead.
2026-08-13 14:15:35,901 [INFO] [MainThread] [root/service.py:52]: AudioOutputService starting...
2026-08-13 14:15:35,914 [INFO] [SystrayHook] [systray_hook/systray_hook.py:193]: Injecting into Explorer (PID: 7512)
2026-08-13 14:15:35,928 [INFO] [MainThread] [root/service.py:41]: AudioInputService starting...
2026-08-13 14:15:36,334 [INFO] [MainThread] [taskbar_window_manager/window_manager.py:178]: TaskbarWindowManager is starting...
2026-08-13 14:15:36,337 [INFO] [MainThread] [root/bar_manager.py:103]: Starting SystemEventListener...
2026-08-13 14:15:36,338 [INFO] [MainThread] [root/watcher.py:65]: Watching directory: c:\users\breno duque\.config\yasb
2026-08-13 14:15:36,338 [INFO] [MainThread] [root/watcher.py:104]: Created file watcher
2026-08-13 14:15:36,346 [INFO] [MainThread] [root/update_service.py:434]: Background update checker started
2026-08-13 14:39:40,169 [INFO] [MainThread] [root/bar_manager.py:97]: Screens updated. Re-initialising all bars.
2026-08-13 14:39:40,169 [INFO] [MainThread] [root/controller.py:21]: Reloading Application because of screen update.
2026-08-13 14:39:40,277 [INFO] [MainThread] [cli_server/cli_server.py:114]: Log pipe server stopped
2026-08-13 14:39:40,803 [INFO] [MainThread] [root/bar_manager.py:119]: Stopping SystemEventListener...
2026-08-13 14:39:40,811 [INFO] [MainThread] [taskbar_window_manager/window_manager.py:205]: TaskbarWindowManager stopped
2026-08-13 14:39:41,385 [INFO] [MainThread] [root/log.py:104]: YASB v2.0.6
2026-08-13 14:39:41,385 [INFO] [CLIPipeServer] [cli_server/cli_server.py:216]: CLI server started v1.1.7
2026-08-13 14:39:41,386 [INFO] [MainThread] [cli_server/cli_server.py:106]: Log pipe server started
2026-08-13 14:39:41,416 [WARNING] [MainThread] [deprecation/deprecation.py:146]: [DEPRECATED] BarAlignment: 'center' - Use 'align' instead.
2026-08-13 14:39:41,416 [WARNING] [MainThread] [deprecation/deprecation.py:146]: [DEPRECATED] BarBlurEffect: 'acrylic' - No longer supported and can be removed from the config.
2026-08-13 14:39:41,484 [WARNING] [MainThread] [deprecation/deprecation.py:146]: [DEPRECATED] GlazewmWorkspacesConfig: 'hide_empty_workspaces' - No longer supported and can be removed from the config.
2026-08-13 14:39:41,484 [WARNING] [MainThread] [deprecation/deprecation.py:146]: [DEPRECATED] GlazewmWorkspacesConfig: 'btn_shadow' - Use CSS box-shadow instead.
2026-08-13 14:39:41,484 [WARNING] [MainThread] [deprecation/deprecation.py:146]: [DEPRECATED] GlazewmWorkspacesConfig: 'animation' - Use CSS animations instead.
2026-08-13 14:39:41,494 [WARNING] [MainThread] [deprecation/deprecation.py:146]: [DEPRECATED] GlazewmTilingDirectionConfig: 'btn_shadow' - Use CSS box-shadow instead.
2026-08-13 14:39:41,576 [INFO] [SystrayHook] [systray_hook/systray_hook.py:193]: Injecting into Explorer (PID: 7512)
2026-08-13 14:39:41,643 [WARNING] [MainThread] [deprecation/deprecation.py:146]: [DEPRECATED] MediaWidgetConfig: 'label_shadow' - Use CSS text-shadow instead.
2026-08-13 14:39:41,667 [WARNING] [MainThread] [deprecation/deprecation.py:146]: [DEPRECATED] LanguageConfig: 'label_shadow' - Use CSS text-shadow instead.
2026-08-13 14:39:41,672 [WARNING] [MainThread] [deprecation/deprecation.py:150]: [DEPRECATED] VolumeConfig: 'volume_icons' renamed to 'icons' - Use 'icons' with the dictionary format instead.
2026-08-13 14:39:41,672 [WARNING] [MainThread] [deprecation/deprecation.py:146]: [DEPRECATED] VolumeConfig: 'label_shadow' - Use CSS text-shadow instead.
2026-08-13 14:39:41,680 [INFO] [MainThread] [root/service.py:52]: AudioOutputService starting...
2026-08-13 14:39:41,706 [INFO] [MainThread] [root/service.py:41]: AudioInputService starting...
2026-08-13 14:39:42,189 [INFO] [MainThread] [taskbar_window_manager/window_manager.py:178]: TaskbarWindowManager is starting...
2026-08-13 14:39:42,191 [INFO] [MainThread] [root/bar_manager.py:103]: Starting SystemEventListener...
2026-08-13 14:39:42,192 [INFO] [MainThread] [root/watcher.py:65]: Watching directory: c:\users\breno duque\.config\yasb
2026-08-13 14:39:42,192 [INFO] [MainThread] [root/watcher.py:104]: Created file watcher
2026-08-13 14:39:42,201 [INFO] [MainThread] [root/update_service.py:434]: Background update checker started
2026-08-13 14:40:33,901 [INFO] [MainThread] [root/bar_manager.py:97]: Screens updated. Re-initialising all bars.
2026-08-13 14:40:33,901 [INFO] [MainThread] [root/controller.py:21]: Reloading Application because of screen update.
2026-08-13 14:40:34,013 [INFO] [MainThread] [cli_server/cli_server.py:114]: Log pipe server stopped
2026-08-13 14:40:34,391 [INFO] [MainThread] [root/bar_manager.py:119]: Stopping SystemEventListener...
2026-08-13 14:40:34,392 [INFO] [MainThread] [taskbar_window_manager/window_manager.py:205]: TaskbarWindowManager stopped
2026-08-13 14:40:34,505 [INFO] [MainThread] [root/log.py:104]: YASB v2.0.6
2026-08-13 14:40:34,506 [INFO] [CLIPipeServer] [cli_server/cli_server.py:216]: CLI server started v1.1.7
2026-08-13 14:40:34,506 [INFO] [MainThread] [cli_server/cli_server.py:106]: Log pipe server started
2026-08-13 14:40:34,532 [WARNING] [MainThread] [deprecation/deprecation.py:146]: [DEPRECATED] BarAlignment: 'center' - Use 'align' instead.
2026-08-13 14:40:34,532 [WARNING] [MainThread] [deprecation/deprecation.py:146]: [DEPRECATED] BarBlurEffect: 'acrylic' - No longer supported and can be removed from the config.
2026-08-13 14:40:34,568 [WARNING] [MainThread] [deprecation/deprecation.py:146]: [DEPRECATED] GlazewmWorkspacesConfig: 'hide_empty_workspaces' - No longer supported and can be removed from the config.
2026-08-13 14:40:34,568 [WARNING] [MainThread] [deprecation/deprecation.py:146]: [DEPRECATED] GlazewmWorkspacesConfig: 'btn_shadow' - Use CSS box-shadow instead.
2026-08-13 14:40:34,568 [WARNING] [MainThread] [deprecation/deprecation.py:146]: [DEPRECATED] GlazewmWorkspacesConfig: 'animation' - Use CSS animations instead.
2026-08-13 14:40:34,587 [WARNING] [MainThread] [deprecation/deprecation.py:146]: [DEPRECATED] GlazewmTilingDirectionConfig: 'btn_shadow' - Use CSS box-shadow instead.
2026-08-13 14:40:34,682 [WARNING] [MainThread] [deprecation/deprecation.py:146]: [DEPRECATED] MediaWidgetConfig: 'label_shadow' - Use CSS text-shadow instead.
2026-08-13 14:40:34,710 [WARNING] [MainThread] [deprecation/deprecation.py:146]: [DEPRECATED] LanguageConfig: 'label_shadow' - Use CSS text-shadow instead.
2026-08-13 14:40:34,716 [WARNING] [MainThread] [deprecation/deprecation.py:150]: [DEPRECATED] VolumeConfig: 'volume_icons' renamed to 'icons' - Use 'icons' with the dictionary format instead.
2026-08-13 14:40:34,716 [WARNING] [MainThread] [deprecation/deprecation.py:146]: [DEPRECATED] VolumeConfig: 'label_shadow' - Use CSS text-shadow instead.
2026-08-13 14:40:34,726 [INFO] [MainThread] [root/service.py:52]: AudioOutputService starting...
2026-08-13 14:40:34,757 [INFO] [MainThread] [root/service.py:41]: AudioInputService starting...
2026-08-13 14:40:35,140 [INFO] [MainThread] [taskbar_window_manager/window_manager.py:178]: TaskbarWindowManager is starting...
2026-08-13 14:40:35,347 [INFO] [MainThread] [root/bar_manager.py:103]: Starting SystemEventListener...
2026-08-13 14:40:35,348 [INFO] [MainThread] [root/watcher.py:65]: Watching directory: c:\users\breno duque\.config\yasb
2026-08-13 14:40:35,348 [INFO] [MainThread] [root/watcher.py:104]: Created file watcher
2026-08-13 14:40:35,356 [INFO] [MainThread] [root/update_service.py:434]: Background update checker started
2026-08-13 18:51:38,933 [INFO] [MainThread] [root/bar_manager.py:97]: Screens updated. Re-initialising all bars.
2026-08-13 18:51:38,933 [INFO] [MainThread] [root/controller.py:21]: Reloading Application because of screen update.
2026-08-13 18:51:39,033 [INFO] [MainThread] [cli_server/cli_server.py:114]: Log pipe server stopped
2026-08-13 18:51:39,519 [INFO] [MainThread] [root/log.py:104]: YASB v2.0.6
2026-08-13 18:51:39,520 [INFO] [CLIPipeServer] [cli_server/cli_server.py:216]: CLI server started v1.1.7
2026-08-13 18:51:39,520 [INFO] [MainThread] [cli_server/cli_server.py:106]: Log pipe server started
2026-08-13 18:51:39,520 [INFO] [MainThread] [root/main.py:48]: Waiting for previous YASB instance to exit...
2026-08-13 18:51:39,942 [INFO] [MainThread] [root/bar_manager.py:119]: Stopping SystemEventListener...
2026-08-13 18:51:39,943 [INFO] [MainThread] [taskbar_window_manager/window_manager.py:205]: TaskbarWindowManager stopped
2026-08-13 18:51:40,021 [INFO] [MainThread] [root/main.py:74]: Previous instance exited, continuing startup.
2026-08-13 18:51:40,052 [WARNING] [MainThread] [deprecation/deprecation.py:146]: [DEPRECATED] BarAlignment: 'center' - Use 'align' instead.
2026-08-13 18:51:40,052 [WARNING] [MainThread] [deprecation/deprecation.py:146]: [DEPRECATED] BarBlurEffect: 'acrylic' - No longer supported and can be removed from the config.
2026-08-13 18:51:40,083 [WARNING] [MainThread] [deprecation/deprecation.py:146]: [DEPRECATED] GlazewmWorkspacesConfig: 'hide_empty_workspaces' - No longer supported and can be removed from the config.
2026-08-13 18:51:40,083 [WARNING] [MainThread] [deprecation/deprecation.py:146]: [DEPRECATED] GlazewmWorkspacesConfig: 'btn_shadow' - Use CSS box-shadow instead.
2026-08-13 18:51:40,083 [WARNING] [MainThread] [deprecation/deprecation.py:146]: [DEPRECATED] GlazewmWorkspacesConfig: 'animation' - Use CSS animations instead.
2026-08-13 18:51:40,096 [WARNING] [MainThread] [deprecation/deprecation.py:146]: [DEPRECATED] GlazewmTilingDirectionConfig: 'btn_shadow' - Use CSS box-shadow instead.
2026-08-13 18:51:40,168 [WARNING] [MainThread] [deprecation/deprecation.py:146]: [DEPRECATED] MediaWidgetConfig: 'label_shadow' - Use CSS text-shadow instead.
2026-08-13 18:51:40,224 [WARNING] [MainThread] [deprecation/deprecation.py:146]: [DEPRECATED] LanguageConfig: 'label_shadow' - Use CSS text-shadow instead.
2026-08-13 18:51:40,241 [WARNING] [MainThread] [deprecation/deprecation.py:150]: [DEPRECATED] VolumeConfig: 'volume_icons' renamed to 'icons' - Use 'icons' with the dictionary format instead.
2026-08-13 18:51:40,241 [WARNING] [MainThread] [deprecation/deprecation.py:146]: [DEPRECATED] VolumeConfig: 'label_shadow' - Use CSS text-shadow instead.
2026-08-13 18:51:40,266 [INFO] [MainThread] [root/service.py:52]: AudioOutputService starting...
2026-08-13 18:51:40,277 [INFO] [SystrayHook] [systray_hook/systray_hook.py:193]: Injecting into Explorer (PID: 7512)
2026-08-13 18:51:40,329 [INFO] [MainThread] [root/service.py:41]: AudioInputService starting...
2026-08-13 18:51:40,807 [INFO] [MainThread] [taskbar_window_manager/window_manager.py:178]: TaskbarWindowManager is starting...
2026-08-13 18:51:41,328 [INFO] [MainThread] [root/bar_manager.py:103]: Starting SystemEventListener...
2026-08-13 18:51:41,329 [INFO] [MainThread] [root/watcher.py:65]: Watching directory: c:\users\breno duque\.config\yasb
2026-08-13 18:51:41,329 [INFO] [MainThread] [root/watcher.py:104]: Created file watcher
2026-08-13 18:51:41,337 [INFO] [MainThread] [root/update_service.py:434]: Background update checker started
2026-08-13 18:54:23,729 [INFO] [MainThread] [root/bar.py:153]: Screen geometry changed. Updating position for bar primary-bar on screen ARZOPA
2026-08-13 18:54:23,735 [INFO] [MainThread] [root/bar.py:153]: Screen geometry changed. Updating position for bar primary-bar on screen VG34WQML5A
2026-08-13 18:58:21,483 [INFO] [MainThread] [root/bar_manager.py:97]: Screens updated. Re-initialising all bars.
2026-08-13 18:58:21,483 [INFO] [MainThread] [root/controller.py:21]: Reloading Application because of screen update.
2026-08-13 18:58:21,589 [INFO] [MainThread] [cli_server/cli_server.py:114]: Log pipe server stopped
2026-08-13 18:58:21,605 [INFO] [MainThread] [root/bar.py:153]: Screen geometry changed. Updating position for bar primary-bar on screen ARZOPA
2026-08-13 18:58:21,634 [INFO] [MainThread] [root/bar_manager.py:119]: Stopping SystemEventListener...
2026-08-13 18:58:21,635 [INFO] [MainThread] [taskbar_window_manager/window_manager.py:205]: TaskbarWindowManager stopped
2026-08-13 18:58:21,938 [INFO] [MainThread] [root/log.py:104]: YASB v2.0.6
2026-08-13 18:58:21,939 [INFO] [CLIPipeServer] [cli_server/cli_server.py:216]: CLI server started v1.1.7
2026-08-13 18:58:21,939 [INFO] [MainThread] [cli_server/cli_server.py:106]: Log pipe server started
2026-08-13 18:58:21,970 [WARNING] [MainThread] [deprecation/deprecation.py:146]: [DEPRECATED] BarAlignment: 'center' - Use 'align' instead.
2026-08-13 18:58:21,970 [WARNING] [MainThread] [deprecation/deprecation.py:146]: [DEPRECATED] BarBlurEffect: 'acrylic' - No longer supported and can be removed from the config.
2026-08-13 18:58:22,012 [WARNING] [MainThread] [deprecation/deprecation.py:146]: [DEPRECATED] GlazewmWorkspacesConfig: 'hide_empty_workspaces' - No longer supported and can be removed from the config.
2026-08-13 18:58:22,012 [WARNING] [MainThread] [deprecation/deprecation.py:146]: [DEPRECATED] GlazewmWorkspacesConfig: 'btn_shadow' - Use CSS box-shadow instead.
2026-08-13 18:58:22,012 [WARNING] [MainThread] [deprecation/deprecation.py:146]: [DEPRECATED] GlazewmWorkspacesConfig: 'animation' - Use CSS animations instead.
2026-08-13 18:58:22,024 [WARNING] [MainThread] [deprecation/deprecation.py:146]: [DEPRECATED] GlazewmTilingDirectionConfig: 'btn_shadow' - Use CSS box-shadow instead.
2026-08-13 18:58:22,590 [WARNING] [MainThread] [deprecation/deprecation.py:146]: [DEPRECATED] MediaWidgetConfig: 'label_shadow' - Use CSS text-shadow instead.
2026-08-13 18:58:22,864 [WARNING] [MainThread] [deprecation/deprecation.py:146]: [DEPRECATED] LanguageConfig: 'label_shadow' - Use CSS text-shadow instead.
2026-08-13 18:58:22,906 [WARNING] [MainThread] [deprecation/deprecation.py:150]: [DEPRECATED] VolumeConfig: 'volume_icons' renamed to 'icons' - Use 'icons' with the dictionary format instead.
2026-08-13 18:58:22,907 [WARNING] [MainThread] [deprecation/deprecation.py:146]: [DEPRECATED] VolumeConfig: 'label_shadow' - Use CSS text-shadow instead.
2026-08-13 18:58:22,925 [INFO] [MainThread] [root/service.py:52]: AudioOutputService starting...
2026-08-13 18:58:22,967 [INFO] [MainThread] [root/service.py:41]: AudioInputService starting...
2026-08-13 18:58:23,875 [INFO] [MainThread] [taskbar_window_manager/window_manager.py:178]: TaskbarWindowManager is starting...
2026-08-13 18:58:24,099 [INFO] [MainThread] [root/bar_manager.py:103]: Starting SystemEventListener...
2026-08-13 18:58:24,100 [INFO] [MainThread] [root/watcher.py:65]: Watching directory: c:\users\breno duque\.config\yasb
2026-08-13 18:58:24,100 [INFO] [MainThread] [root/watcher.py:104]: Created file watcher
2026-08-13 18:58:24,114 [INFO] [MainThread] [root/update_service.py:434]: Background update checker started
2026-08-13 18:58:24,127 [INFO] [MainThread] [root/bar_manager.py:97]: Screens updated. Re-initialising all bars.
2026-08-13 18:58:24,128 [INFO] [MainThread] [root/controller.py:21]: Reloading Application because of screen update.
2026-08-13 18:58:24,228 [INFO] [MainThread] [cli_server/cli_server.py:114]: Log pipe server stopped
2026-08-13 18:58:24,332 [INFO] [MainThread] [root/bar.py:153]: Screen geometry changed. Updating position for bar primary-bar on screen ARZOPA
Windows fatal exception: code 0x8001010e

Thread 0x00002144 [SystemEventListener] (most recent call first):
  File "D:\a\yasb\yasb\src\core\utils\win32\event_listener.py", line 69 in run

Thread 0x00003378 [Thread-6] (most recent call first):
  File "C:\hostedtoolcache\windows\Python\3.14.6\x64\Lib\threading.py", line 369 in wait
  File "C:\hostedtoolcache\windows\Python\3.14.6\x64\Lib\queue.py", line 199 in get
  File "D:\a\yasb\yasb\venv\Lib\site-packages\watchdog\observers\api.py", line 379 in dispatch_events
  File "D:\a\yasb\yasb\venv\Lib\site-packages\watchdog\observers\api.py", line 213 in run
  File "C:\hostedtoolcache\windows\Python\3.14.6\x64\Lib\threading.py", line 1082 in _bootstrap_inner
  File "C:\hostedtoolcache\windows\Python\3.14.6\x64\Lib\threading.py", line 1044 in _bootstrap

Thread 0x00004f94 [Thread-7] (most recent call first):
  File "D:\a\yasb\yasb\venv\Lib\site-packages\watchdog\observers\winapi.py", line 326 in read_directory_changes
  File "D:\a\yasb\yasb\venv\Lib\site-packages\watchdog\observers\winapi.py", line 380 in read_events
  File "D:\a\yasb\yasb\venv\Lib\site-packages\watchdog\observers\read_directory_changes.py", line 67 in _read_events
  File "D:\a\yasb\yasb\venv\Lib\site-packages\watchdog\observers\read_directory_changes.py", line 70 in queue_events
  File "D:\a\yasb\yasb\venv\Lib\site-packages\watchdog\observers\api.py", line 158 in run
  File "C:\hostedtoolcache\windows\Python\3.14.6\x64\Lib\threading.py", line 1082 in _bootstrap_inner
  File "C:\hostedtoolcache\windows\Python\3.14.6\x64\Lib\threading.py", line 1044 in _bootstrap

Thread 0x00004bbc [SystrayHook] (most recent call first):
  File "D:\a\yasb\yasb\src\core\widgets\services\systray\systray_hook.py", line 208 in run
  File "D:\a\yasb\yasb\src\core\widgets\yasb\systray.py", line 79 in run

Thread 0x000022e4 [_EventWorker] (most recent call first):
  File "D:\a\yasb\yasb\venv\Lib\site-packages\qasync\_windows.py", line 147 in _poll
  File "D:\a\yasb\yasb\venv\Lib\site-packages\qasync\_windows.py", line 72 in select
  File "D:\a\yasb\yasb\venv\Lib\site-packages\qasync\_windows.py", line 199 in run

Thread 0x00001db4 [LogPipeServer] (most recent call first):
  File "D:\a\yasb\yasb\src\core\utils\win32\bindings\kernel32.py", line 291 in ConnectNamedPipe
  File "D:\a\yasb\yasb\src\core\utils\cli_server.py", line 138 in _run_server
  File "C:\hostedtoolcache\windows\Python\3.14.6\x64\Lib\threading.py", line 1024 in run
  File "C:\hostedtoolcache\windows\Python\3.14.6\x64\Lib\threading.py", line 1082 in _bootstrap_inner
  File "C:\hostedtoolcache\windows\Python\3.14.6\x64\Lib\threading.py", line 1044 in _bootstrap

Thread 0x00006a04 [CLIPipeServer] (most recent call first):
  File "D:\a\yasb\yasb\src\core\utils\win32\bindings\kernel32.py", line 291 in ConnectNamedPipe
  File "D:\a\yasb\yasb\src\core\utils\cli_server.py", line 235 in _run_server
  File "C:\hostedtoolcache\windows\Python\3.14.6\x64\Lib\threading.py", line 1024 in run
  File "C:\hostedtoolcache\windows\Python\3.14.6\x64\Lib\threading.py", line 1082 in _bootstrap_inner
  File "C:\hostedtoolcache\windows\Python\3.14.6\x64\Lib\threading.py", line 1044 in _bootstrap

Current thread 0x0000230c (most recent call first):
  File "C:\hostedtoolcache\windows\Python\3.14.6\x64\Lib\asyncio\events.py", line 94 in _run
  File "D:\a\yasb\yasb\venv\Lib\site-packages\qasync\__init__.py", line 307 in timerEvent
  File "D:\a\yasb\yasb\venv\Lib\site-packages\qasync\__init__.py", line 404 in run_forever
  File "D:\a\yasb\yasb\venv\Lib\site-packages\qasync\__init__.py", line 428 in run_until_complete
  File "main.py", line 100 in main
  File "main.py", line 203 in <module>
  File "D:\a\yasb\yasb\venv\Lib\site-packages\freeze_core\initscripts\console.py", line 43 in run
  File "src/freeze_core/initscripts/__startup__.py", line 147 in run
2026-08-13 18:58:24,502 [INFO] [MainThread] [root/bar_manager.py:119]: Stopping SystemEventListener...
2026-08-13 18:58:24,503 [INFO] [MainThread] [taskbar_window_manager/window_manager.py:205]: TaskbarWindowManager stopped
2026-08-13 18:58:24,580 [INFO] [MainThread] [root/log.py:104]: YASB v2.0.6
2026-08-13 18:58:24,580 [INFO] [CLIPipeServer] [cli_server/cli_server.py:216]: CLI server started v1.1.7
2026-08-13 18:58:24,580 [INFO] [MainThread] [cli_server/cli_server.py:106]: Log pipe server started
2026-08-13 18:58:24,609 [WARNING] [MainThread] [deprecation/deprecation.py:146]: [DEPRECATED] BarAlignment: 'center' - Use 'align' instead.
2026-08-13 18:58:24,609 [WARNING] [MainThread] [deprecation/deprecation.py:146]: [DEPRECATED] BarBlurEffect: 'acrylic' - No longer supported and can be removed from the config.
2026-08-13 18:58:24,640 [WARNING] [MainThread] [deprecation/deprecation.py:146]: [DEPRECATED] GlazewmWorkspacesConfig: 'hide_empty_workspaces' - No longer supported and can be removed from the config.
2026-08-13 18:58:24,640 [WARNING] [MainThread] [deprecation/deprecation.py:146]: [DEPRECATED] GlazewmWorkspacesConfig: 'btn_shadow' - Use CSS box-shadow instead.
2026-08-13 18:58:24,640 [WARNING] [MainThread] [deprecation/deprecation.py:146]: [DEPRECATED] GlazewmWorkspacesConfig: 'animation' - Use CSS animations instead.
2026-08-13 18:58:24,651 [WARNING] [MainThread] [deprecation/deprecation.py:146]: [DEPRECATED] GlazewmTilingDirectionConfig: 'btn_shadow' - Use CSS box-shadow instead.
2026-08-13 18:58:24,720 [WARNING] [MainThread] [deprecation/deprecation.py:146]: [DEPRECATED] MediaWidgetConfig: 'label_shadow' - Use CSS text-shadow instead.
2026-08-13 18:58:24,769 [WARNING] [MainThread] [deprecation/deprecation.py:146]: [DEPRECATED] LanguageConfig: 'label_shadow' - Use CSS text-shadow instead.
2026-08-13 18:58:24,778 [WARNING] [MainThread] [deprecation/deprecation.py:150]: [DEPRECATED] VolumeConfig: 'volume_icons' renamed to 'icons' - Use 'icons' with the dictionary format instead.
2026-08-13 18:58:24,778 [WARNING] [MainThread] [deprecation/deprecation.py:146]: [DEPRECATED] VolumeConfig: 'label_shadow' - Use CSS text-shadow instead.
2026-08-13 18:58:24,791 [INFO] [MainThread] [root/service.py:52]: AudioOutputService starting...
2026-08-13 18:58:24,808 [INFO] [SystrayHook] [systray_hook/systray_hook.py:193]: Injecting into Explorer (PID: 7512)
2026-08-13 18:58:24,833 [INFO] [MainThread] [root/service.py:41]: AudioInputService starting...
2026-08-13 18:58:24,981 [INFO] [MainThread] [taskbar_window_manager/window_manager.py:178]: TaskbarWindowManager is starting...
2026-08-13 18:58:25,311 [INFO] [MainThread] [root/bar_manager.py:103]: Starting SystemEventListener...
2026-08-13 18:58:25,311 [INFO] [MainThread] [root/watcher.py:65]: Watching directory: c:\users\breno duque\.config\yasb
2026-08-13 18:58:25,312 [INFO] [MainThread] [root/watcher.py:104]: Created file watcher
2026-08-13 18:58:25,319 [INFO] [MainThread] [root/update_service.py:434]: Background update checker started
2026-08-13 19:00:45,628 [INFO] [MainThread] [root/bar_manager.py:97]: Screens updated. Re-initialising all bars.
2026-08-13 19:00:45,628 [INFO] [MainThread] [root/controller.py:21]: Reloading Application because of screen update.
2026-08-13 19:00:45,735 [INFO] [MainThread] [cli_server/cli_server.py:114]: Log pipe server stopped
2026-08-13 19:00:45,748 [INFO] [MainThread] [root/bar.py:153]: Screen geometry changed. Updating position for bar primary-bar on screen ARZOPA
2026-08-13 19:00:45,777 [INFO] [MainThread] [root/bar_manager.py:119]: Stopping SystemEventListener...
2026-08-13 19:00:45,778 [INFO] [MainThread] [taskbar_window_manager/window_manager.py:205]: TaskbarWindowManager stopped
2026-08-13 19:00:46,092 [INFO] [MainThread] [root/log.py:104]: YASB v2.0.6
2026-08-13 19:00:46,092 [INFO] [CLIPipeServer] [cli_server/cli_server.py:216]: CLI server started v1.1.7
2026-08-13 19:00:46,092 [INFO] [MainThread] [cli_server/cli_server.py:106]: Log pipe server started
2026-08-13 19:00:47,300 [WARNING] [MainThread] [deprecation/deprecation.py:146]: [DEPRECATED] BarAlignment: 'center' - Use 'align' instead.
2026-08-13 19:00:47,300 [WARNING] [MainThread] [deprecation/deprecation.py:146]: [DEPRECATED] BarBlurEffect: 'acrylic' - No longer supported and can be removed from the config.
2026-08-13 19:00:47,340 [WARNING] [MainThread] [deprecation/deprecation.py:146]: [DEPRECATED] GlazewmWorkspacesConfig: 'hide_empty_workspaces' - No longer supported and can be removed from the config.
2026-08-13 19:00:47,340 [WARNING] [MainThread] [deprecation/deprecation.py:146]: [DEPRECATED] GlazewmWorkspacesConfig: 'btn_shadow' - Use CSS box-shadow instead.
2026-08-13 19:00:47,341 [WARNING] [MainThread] [deprecation/deprecation.py:146]: [DEPRECATED] GlazewmWorkspacesConfig: 'animation' - Use CSS animations instead.
2026-08-13 19:00:47,354 [WARNING] [MainThread] [deprecation/deprecation.py:146]: [DEPRECATED] GlazewmTilingDirectionConfig: 'btn_shadow' - Use CSS box-shadow instead.
2026-08-13 19:00:47,431 [WARNING] [MainThread] [deprecation/deprecation.py:146]: [DEPRECATED] MediaWidgetConfig: 'label_shadow' - Use CSS text-shadow instead.
2026-08-13 19:00:47,464 [WARNING] [MainThread] [deprecation/deprecation.py:146]: [DEPRECATED] LanguageConfig: 'label_shadow' - Use CSS text-shadow instead.
2026-08-13 19:00:47,471 [WARNING] [MainThread] [deprecation/deprecation.py:150]: [DEPRECATED] VolumeConfig: 'volume_icons' renamed to 'icons' - Use 'icons' with the dictionary format instead.
2026-08-13 19:00:47,471 [WARNING] [MainThread] [deprecation/deprecation.py:146]: [DEPRECATED] VolumeConfig: 'label_shadow' - Use CSS text-shadow instead.
2026-08-13 19:00:47,482 [INFO] [MainThread] [root/service.py:52]: AudioOutputService starting...
2026-08-13 19:00:47,516 [INFO] [MainThread] [root/service.py:41]: AudioInputService starting...
2026-08-13 19:00:47,777 [INFO] [MainThread] [taskbar_window_manager/window_manager.py:178]: TaskbarWindowManager is starting...
2026-08-13 19:00:48,141 [INFO] [MainThread] [root/bar_manager.py:103]: Starting SystemEventListener...
2026-08-13 19:00:48,143 [INFO] [MainThread] [root/watcher.py:65]: Watching directory: c:\users\breno duque\.config\yasb
2026-08-13 19:00:48,143 [INFO] [MainThread] [root/watcher.py:104]: Created file watcher
2026-08-13 19:00:48,152 [INFO] [MainThread] [root/update_service.py:434]: Background update checker started
2026-08-13 21:23:33,597 [INFO] [MainThread] [root/bar_manager.py:97]: Screens updated. Re-initialising all bars.
2026-08-13 21:23:33,613 [INFO] [MainThread] [root/controller.py:21]: Reloading Application because of screen update.
2026-08-13 21:23:33,727 [INFO] [MainThread] [cli_server/cli_server.py:114]: Log pipe server stopped
2026-08-13 21:23:34,111 [INFO] [MainThread] [root/bar_manager.py:119]: Stopping SystemEventListener...
2026-08-13 21:23:34,118 [INFO] [MainThread] [taskbar_window_manager/window_manager.py:205]: TaskbarWindowManager stopped
2026-08-13 21:23:34,291 [INFO] [MainThread] [root/log.py:104]: YASB v2.0.6
2026-08-13 21:23:34,291 [INFO] [CLIPipeServer] [cli_server/cli_server.py:216]: CLI server started v1.1.7
2026-08-13 21:23:34,298 [INFO] [MainThread] [cli_server/cli_server.py:106]: Log pipe server started
2026-08-13 21:23:34,298 [INFO] [MainThread] [root/main.py:48]: Waiting for previous YASB instance to exit...
2026-08-13 21:23:34,549 [INFO] [MainThread] [root/main.py:74]: Previous instance exited, continuing startup.
2026-08-13 21:23:34,687 [WARNING] [MainThread] [deprecation/deprecation.py:146]: [DEPRECATED] BarAlignment: 'center' - Use 'align' instead.
2026-08-13 21:23:34,687 [WARNING] [MainThread] [deprecation/deprecation.py:146]: [DEPRECATED] BarBlurEffect: 'acrylic' - No longer supported and can be removed from the config.
2026-08-13 21:23:34,954 [WARNING] [MainThread] [deprecation/deprecation.py:146]: [DEPRECATED] GlazewmWorkspacesConfig: 'hide_empty_workspaces' - No longer supported and can be removed from the config.
2026-08-13 21:23:34,954 [WARNING] [MainThread] [deprecation/deprecation.py:146]: [DEPRECATED] GlazewmWorkspacesConfig: 'btn_shadow' - Use CSS box-shadow instead.
2026-08-13 21:23:34,954 [WARNING] [MainThread] [deprecation/deprecation.py:146]: [DEPRECATED] GlazewmWorkspacesConfig: 'animation' - Use CSS animations instead.
2026-08-13 21:23:35,019 [WARNING] [MainThread] [deprecation/deprecation.py:146]: [DEPRECATED] GlazewmTilingDirectionConfig: 'btn_shadow' - Use CSS box-shadow instead.
2026-08-13 21:23:35,376 [INFO] [SystrayHook] [systray_hook/systray_hook.py:193]: Injecting into Explorer (PID: 7512)
2026-08-13 21:23:35,627 [WARNING] [MainThread] [deprecation/deprecation.py:146]: [DEPRECATED] MediaWidgetConfig: 'label_shadow' - Use CSS text-shadow instead.
2026-08-13 21:23:35,722 [WARNING] [MainThread] [deprecation/deprecation.py:146]: [DEPRECATED] LanguageConfig: 'label_shadow' - Use CSS text-shadow instead.
2026-08-13 21:23:35,727 [WARNING] [MainThread] [deprecation/deprecation.py:150]: [DEPRECATED] VolumeConfig: 'volume_icons' renamed to 'icons' - Use 'icons' with the dictionary format instead.
2026-08-13 21:23:35,727 [WARNING] [MainThread] [deprecation/deprecation.py:146]: [DEPRECATED] VolumeConfig: 'label_shadow' - Use CSS text-shadow instead.
2026-08-13 21:23:35,736 [INFO] [MainThread] [root/service.py:52]: AudioOutputService starting...
2026-08-13 21:23:35,765 [INFO] [MainThread] [root/service.py:41]: AudioInputService starting...
2026-08-13 21:23:36,144 [INFO] [MainThread] [taskbar_window_manager/window_manager.py:178]: TaskbarWindowManager is starting...
2026-08-13 21:23:36,289 [INFO] [MainThread] [root/bar_manager.py:103]: Starting SystemEventListener...
2026-08-13 21:23:36,290 [INFO] [MainThread] [root/watcher.py:65]: Watching directory: c:\users\breno duque\.config\yasb
2026-08-13 21:23:36,290 [INFO] [MainThread] [root/watcher.py:104]: Created file watcher
2026-08-13 21:23:36,308 [INFO] [MainThread] [root/update_service.py:434]: Background update checker started
2026-08-13 21:27:37,092 [INFO] [MainThread] [root/bar_manager.py:97]: Screens updated. Re-initialising all bars.
2026-08-13 21:27:37,092 [INFO] [MainThread] [root/controller.py:21]: Reloading Application because of screen update.
2026-08-13 21:27:37,200 [INFO] [MainThread] [cli_server/cli_server.py:114]: Log pipe server stopped
2026-08-13 21:27:37,348 [INFO] [MainThread] [root/bar_manager.py:119]: Stopping SystemEventListener...
2026-08-13 21:27:37,349 [INFO] [MainThread] [taskbar_window_manager/window_manager.py:205]: TaskbarWindowManager stopped
2026-08-13 21:27:37,529 [INFO] [MainThread] [root/log.py:104]: YASB v2.0.6
2026-08-13 21:27:37,530 [INFO] [CLIPipeServer] [cli_server/cli_server.py:216]: CLI server started v1.1.7
2026-08-13 21:27:37,530 [INFO] [MainThread] [cli_server/cli_server.py:106]: Log pipe server started
2026-08-13 21:27:37,621 [WARNING] [MainThread] [deprecation/deprecation.py:146]: [DEPRECATED] BarAlignment: 'center' - Use 'align' instead.
2026-08-13 21:27:37,621 [WARNING] [MainThread] [deprecation/deprecation.py:146]: [DEPRECATED] BarBlurEffect: 'acrylic' - No longer supported and can be removed from the config.
2026-08-13 21:27:37,656 [WARNING] [MainThread] [deprecation/deprecation.py:146]: [DEPRECATED] GlazewmWorkspacesConfig: 'hide_empty_workspaces' - No longer supported and can be removed from the config.
2026-08-13 21:27:37,656 [WARNING] [MainThread] [deprecation/deprecation.py:146]: [DEPRECATED] GlazewmWorkspacesConfig: 'btn_shadow' - Use CSS box-shadow instead.
2026-08-13 21:27:37,656 [WARNING] [MainThread] [deprecation/deprecation.py:146]: [DEPRECATED] GlazewmWorkspacesConfig: 'animation' - Use CSS animations instead.
2026-08-13 21:27:37,668 [WARNING] [MainThread] [deprecation/deprecation.py:146]: [DEPRECATED] GlazewmTilingDirectionConfig: 'btn_shadow' - Use CSS box-shadow instead.
2026-08-13 21:27:37,737 [WARNING] [MainThread] [deprecation/deprecation.py:146]: [DEPRECATED] MediaWidgetConfig: 'label_shadow' - Use CSS text-shadow instead.
2026-08-13 21:27:37,761 [WARNING] [MainThread] [deprecation/deprecation.py:146]: [DEPRECATED] LanguageConfig: 'label_shadow' - Use CSS text-shadow instead.
2026-08-13 21:27:37,766 [WARNING] [MainThread] [deprecation/deprecation.py:150]: [DEPRECATED] VolumeConfig: 'volume_icons' renamed to 'icons' - Use 'icons' with the dictionary format instead.
2026-08-13 21:27:37,766 [WARNING] [MainThread] [deprecation/deprecation.py:146]: [DEPRECATED] VolumeConfig: 'label_shadow' - Use CSS text-shadow instead.
2026-08-13 21:27:37,775 [INFO] [MainThread] [root/service.py:52]: AudioOutputService starting...
2026-08-13 21:27:37,805 [INFO] [MainThread] [root/service.py:41]: AudioInputService starting...
2026-08-13 21:27:38,147 [INFO] [MainThread] [taskbar_window_manager/window_manager.py:178]: TaskbarWindowManager is starting...
2026-08-13 21:27:38,445 [INFO] [MainThread] [root/bar_manager.py:103]: Starting SystemEventListener...
2026-08-13 21:27:38,446 [INFO] [MainThread] [root/watcher.py:65]: Watching directory: c:\users\breno duque\.config\yasb
2026-08-13 21:27:38,446 [INFO] [MainThread] [root/watcher.py:104]: Created file watcher
2026-08-13 21:27:38,454 [INFO] [MainThread] [root/update_service.py:434]: Background update checker started
2026-08-13 21:28:29,296 [INFO] [MainThread] [root/bar_manager.py:97]: Screens updated. Re-initialising all bars.
2026-08-13 21:28:29,296 [INFO] [MainThread] [root/controller.py:21]: Reloading Application because of screen update.
2026-08-13 21:28:29,402 [INFO] [MainThread] [cli_server/cli_server.py:114]: Log pipe server stopped
2026-08-13 21:28:29,409 [INFO] [MainThread] [root/bar.py:153]: Screen geometry changed. Updating position for bar primary-bar on screen ARZOPA
2026-08-13 21:28:29,443 [INFO] [MainThread] [root/bar_manager.py:119]: Stopping SystemEventListener...
2026-08-13 21:28:29,444 [INFO] [MainThread] [taskbar_window_manager/window_manager.py:205]: TaskbarWindowManager stopped
2026-08-13 21:28:29,727 [INFO] [MainThread] [root/log.py:104]: YASB v2.0.6
2026-08-13 21:28:29,728 [INFO] [CLIPipeServer] [cli_server/cli_server.py:216]: CLI server started v1.1.7
2026-08-13 21:28:29,728 [INFO] [MainThread] [cli_server/cli_server.py:106]: Log pipe server started
2026-08-13 21:28:30,605 [WARNING] [MainThread] [deprecation/deprecation.py:146]: [DEPRECATED] BarAlignment: 'center' - Use 'align' instead.
2026-08-13 21:28:30,605 [WARNING] [MainThread] [deprecation/deprecation.py:146]: [DEPRECATED] BarBlurEffect: 'acrylic' - No longer supported and can be removed from the config.
2026-08-13 21:28:30,646 [WARNING] [MainThread] [deprecation/deprecation.py:146]: [DEPRECATED] GlazewmWorkspacesConfig: 'hide_empty_workspaces' - No longer supported and can be removed from the config.
2026-08-13 21:28:30,646 [WARNING] [MainThread] [deprecation/deprecation.py:146]: [DEPRECATED] GlazewmWorkspacesConfig: 'btn_shadow' - Use CSS box-shadow instead.
2026-08-13 21:28:30,646 [WARNING] [MainThread] [deprecation/deprecation.py:146]: [DEPRECATED] GlazewmWorkspacesConfig: 'animation' - Use CSS animations instead.
2026-08-13 21:28:30,661 [WARNING] [MainThread] [deprecation/deprecation.py:146]: [DEPRECATED] GlazewmTilingDirectionConfig: 'btn_shadow' - Use CSS box-shadow instead.
2026-08-13 21:28:30,748 [WARNING] [MainThread] [deprecation/deprecation.py:146]: [DEPRECATED] MediaWidgetConfig: 'label_shadow' - Use CSS text-shadow instead.
2026-08-13 21:28:30,777 [WARNING] [MainThread] [deprecation/deprecation.py:146]: [DEPRECATED] LanguageConfig: 'label_shadow' - Use CSS text-shadow instead.
2026-08-13 21:28:30,784 [WARNING] [MainThread] [deprecation/deprecation.py:150]: [DEPRECATED] VolumeConfig: 'volume_icons' renamed to 'icons' - Use 'icons' with the dictionary format instead.
2026-08-13 21:28:30,784 [WARNING] [MainThread] [deprecation/deprecation.py:146]: [DEPRECATED] VolumeConfig: 'label_shadow' - Use CSS text-shadow instead.
2026-08-13 21:28:30,793 [INFO] [MainThread] [root/service.py:52]: AudioOutputService starting...
2026-08-13 21:28:30,809 [INFO] [SystrayHook] [systray_hook/systray_hook.py:193]: Injecting into Explorer (PID: 7512)
2026-08-13 21:28:30,825 [INFO] [MainThread] [root/service.py:41]: AudioInputService starting...
2026-08-13 21:28:31,159 [INFO] [MainThread] [taskbar_window_manager/window_manager.py:178]: TaskbarWindowManager is starting...
2026-08-13 21:28:31,296 [INFO] [MainThread] [root/bar_manager.py:103]: Starting SystemEventListener...
2026-08-13 21:28:31,297 [INFO] [MainThread] [root/watcher.py:65]: Watching directory: c:\users\breno duque\.config\yasb
2026-08-13 21:28:31,297 [INFO] [MainThread] [root/watcher.py:104]: Created file watcher
2026-08-13 21:28:31,306 [INFO] [MainThread] [root/update_service.py:434]: Background update checker started
2026-08-13 21:38:58,799 [INFO] [MainThread] [root/bar_manager.py:97]: Screens updated. Re-initialising all bars.
2026-08-13 21:38:58,799 [INFO] [MainThread] [root/controller.py:21]: Reloading Application because of screen update.
2026-08-13 21:38:58,913 [INFO] [MainThread] [cli_server/cli_server.py:114]: Log pipe server stopped
2026-08-13 21:38:58,928 [INFO] [MainThread] [root/bar.py:153]: Screen geometry changed. Updating position for bar primary-bar on screen ARZOPA
2026-08-13 21:38:58,960 [INFO] [MainThread] [root/bar_manager.py:119]: Stopping SystemEventListener...
2026-08-13 21:38:58,961 [INFO] [MainThread] [taskbar_window_manager/window_manager.py:205]: TaskbarWindowManager stopped
2026-08-13 21:38:59,276 [INFO] [MainThread] [root/log.py:104]: YASB v2.0.6
2026-08-13 21:38:59,277 [INFO] [CLIPipeServer] [cli_server/cli_server.py:216]: CLI server started v1.1.7
2026-08-13 21:38:59,277 [INFO] [MainThread] [cli_server/cli_server.py:106]: Log pipe server started
2026-08-13 21:39:00,619 [WARNING] [MainThread] [deprecation/deprecation.py:146]: [DEPRECATED] BarAlignment: 'center' - Use 'align' instead.
2026-08-13 21:39:00,619 [WARNING] [MainThread] [deprecation/deprecation.py:146]: [DEPRECATED] BarBlurEffect: 'acrylic' - No longer supported and can be removed from the config.
2026-08-13 21:39:00,667 [WARNING] [MainThread] [deprecation/deprecation.py:146]: [DEPRECATED] GlazewmWorkspacesConfig: 'hide_empty_workspaces' - No longer supported and can be removed from the config.
2026-08-13 21:39:00,667 [WARNING] [MainThread] [deprecation/deprecation.py:146]: [DEPRECATED] GlazewmWorkspacesConfig: 'btn_shadow' - Use CSS box-shadow instead.
2026-08-13 21:39:00,667 [WARNING] [MainThread] [deprecation/deprecation.py:146]: [DEPRECATED] GlazewmWorkspacesConfig: 'animation' - Use CSS animations instead.
2026-08-13 21:39:00,683 [WARNING] [MainThread] [deprecation/deprecation.py:146]: [DEPRECATED] GlazewmTilingDirectionConfig: 'btn_shadow' - Use CSS box-shadow instead.
2026-08-13 21:39:00,782 [WARNING] [MainThread] [deprecation/deprecation.py:146]: [DEPRECATED] MediaWidgetConfig: 'label_shadow' - Use CSS text-shadow instead.
2026-08-13 21:39:00,813 [WARNING] [MainThread] [deprecation/deprecation.py:146]: [DEPRECATED] LanguageConfig: 'label_shadow' - Use CSS text-shadow instead.
2026-08-13 21:39:00,819 [WARNING] [MainThread] [deprecation/deprecation.py:150]: [DEPRECATED] VolumeConfig: 'volume_icons' renamed to 'icons' - Use 'icons' with the dictionary format instead.
2026-08-13 21:39:00,819 [WARNING] [MainThread] [deprecation/deprecation.py:146]: [DEPRECATED] VolumeConfig: 'label_shadow' - Use CSS text-shadow instead.
2026-08-13 21:39:00,830 [INFO] [MainThread] [root/service.py:52]: AudioOutputService starting...
2026-08-13 21:39:00,865 [INFO] [MainThread] [root/service.py:41]: AudioInputService starting...
2026-08-13 21:39:01,413 [INFO] [MainThread] [taskbar_window_manager/window_manager.py:178]: TaskbarWindowManager is starting...
2026-08-13 21:39:01,691 [INFO] [MainThread] [root/bar_manager.py:103]: Starting SystemEventListener...
2026-08-13 21:39:01,692 [INFO] [MainThread] [root/watcher.py:65]: Watching directory: c:\users\breno duque\.config\yasb
2026-08-13 21:39:01,692 [INFO] [MainThread] [root/watcher.py:104]: Created file watcher
2026-08-13 21:39:01,705 [INFO] [MainThread] [root/update_service.py:434]: Background update checker started
2026-08-13 22:19:08,535 [INFO] [MainThread] [root/bar_manager.py:97]: Screens updated. Re-initialising all bars.
2026-08-13 22:19:08,535 [INFO] [MainThread] [root/controller.py:21]: Reloading Application because of screen update.
2026-08-13 22:19:08,640 [INFO] [MainThread] [cli_server/cli_server.py:114]: Log pipe server stopped
2026-08-13 22:19:08,677 [INFO] [MainThread] [root/bar_manager.py:119]: Stopping SystemEventListener...
2026-08-13 22:19:08,678 [INFO] [MainThread] [taskbar_window_manager/window_manager.py:205]: TaskbarWindowManager stopped
2026-08-13 22:19:08,988 [INFO] [MainThread] [root/log.py:104]: YASB v2.0.6
2026-08-13 22:19:08,989 [INFO] [CLIPipeServer] [cli_server/cli_server.py:216]: CLI server started v1.1.7
2026-08-13 22:19:08,989 [INFO] [MainThread] [cli_server/cli_server.py:106]: Log pipe server started
2026-08-13 22:19:09,024 [WARNING] [MainThread] [deprecation/deprecation.py:146]: [DEPRECATED] BarAlignment: 'center' - Use 'align' instead.
2026-08-13 22:19:09,024 [WARNING] [MainThread] [deprecation/deprecation.py:146]: [DEPRECATED] BarBlurEffect: 'acrylic' - No longer supported and can be removed from the config.
2026-08-13 22:19:09,057 [WARNING] [MainThread] [deprecation/deprecation.py:146]: [DEPRECATED] GlazewmWorkspacesConfig: 'hide_empty_workspaces' - No longer supported and can be removed from the config.
2026-08-13 22:19:09,057 [WARNING] [MainThread] [deprecation/deprecation.py:146]: [DEPRECATED] GlazewmWorkspacesConfig: 'btn_shadow' - Use CSS box-shadow instead.
2026-08-13 22:19:09,057 [WARNING] [MainThread] [deprecation/deprecation.py:146]: [DEPRECATED] GlazewmWorkspacesConfig: 'animation' - Use CSS animations instead.
2026-08-13 22:19:09,068 [WARNING] [MainThread] [deprecation/deprecation.py:146]: [DEPRECATED] GlazewmTilingDirectionConfig: 'btn_shadow' - Use CSS box-shadow instead.
2026-08-13 22:19:09,130 [WARNING] [MainThread] [deprecation/deprecation.py:146]: [DEPRECATED] MediaWidgetConfig: 'label_shadow' - Use CSS text-shadow instead.
2026-08-13 22:19:09,163 [WARNING] [MainThread] [deprecation/deprecation.py:146]: [DEPRECATED] LanguageConfig: 'label_shadow' - Use CSS text-shadow instead.
2026-08-13 22:19:09,169 [WARNING] [MainThread] [deprecation/deprecation.py:150]: [DEPRECATED] VolumeConfig: 'volume_icons' renamed to 'icons' - Use 'icons' with the dictionary format instead.
2026-08-13 22:19:09,169 [WARNING] [MainThread] [deprecation/deprecation.py:146]: [DEPRECATED] VolumeConfig: 'label_shadow' - Use CSS text-shadow instead.
2026-08-13 22:19:09,177 [INFO] [MainThread] [root/service.py:52]: AudioOutputService starting...
2026-08-13 22:19:09,206 [INFO] [MainThread] [root/service.py:41]: AudioInputService starting...
2026-08-13 22:19:09,211 [INFO] [SystrayHook] [systray_hook/systray_hook.py:193]: Injecting into Explorer (PID: 7512)
2026-08-13 22:19:09,580 [INFO] [MainThread] [taskbar_window_manager/window_manager.py:178]: TaskbarWindowManager is starting...
2026-08-13 22:19:09,772 [INFO] [MainThread] [root/bar_manager.py:103]: Starting SystemEventListener...
2026-08-13 22:19:09,773 [INFO] [MainThread] [root/watcher.py:65]: Watching directory: c:\users\breno duque\.config\yasb
2026-08-13 22:19:09,773 [INFO] [MainThread] [root/watcher.py:104]: Created file watcher
2026-08-13 22:19:09,782 [INFO] [MainThread] [root/update_service.py:434]: Background update checker started
2026-08-13 22:23:39,471 [INFO] [MainThread] [root/bar_manager.py:97]: Screens updated. Re-initialising all bars.
2026-08-13 22:23:39,471 [INFO] [MainThread] [root/controller.py:21]: Reloading Application because of screen update.
2026-08-13 22:23:39,574 [INFO] [MainThread] [cli_server/cli_server.py:114]: Log pipe server stopped
2026-08-13 22:23:39,596 [INFO] [MainThread] [root/bar_manager.py:119]: Stopping SystemEventListener...
2026-08-13 22:23:39,597 [INFO] [MainThread] [taskbar_window_manager/window_manager.py:205]: TaskbarWindowManager stopped
2026-08-13 22:23:39,902 [INFO] [MainThread] [root/log.py:104]: YASB v2.0.6
2026-08-13 22:23:39,903 [INFO] [CLIPipeServer] [cli_server/cli_server.py:216]: CLI server started v1.1.7
2026-08-13 22:23:39,903 [INFO] [MainThread] [cli_server/cli_server.py:106]: Log pipe server started
2026-08-13 22:23:39,927 [WARNING] [MainThread] [deprecation/deprecation.py:146]: [DEPRECATED] BarAlignment: 'center' - Use 'align' instead.
2026-08-13 22:23:39,927 [WARNING] [MainThread] [deprecation/deprecation.py:146]: [DEPRECATED] BarBlurEffect: 'acrylic' - No longer supported and can be removed from the config.
2026-08-13 22:23:39,954 [WARNING] [MainThread] [deprecation/deprecation.py:146]: [DEPRECATED] GlazewmWorkspacesConfig: 'hide_empty_workspaces' - No longer supported and can be removed from the config.
2026-08-13 22:23:39,954 [WARNING] [MainThread] [deprecation/deprecation.py:146]: [DEPRECATED] GlazewmWorkspacesConfig: 'btn_shadow' - Use CSS box-shadow instead.
2026-08-13 22:23:39,954 [WARNING] [MainThread] [deprecation/deprecation.py:146]: [DEPRECATED] GlazewmWorkspacesConfig: 'animation' - Use CSS animations instead.
2026-08-13 22:23:39,964 [WARNING] [MainThread] [deprecation/deprecation.py:146]: [DEPRECATED] GlazewmTilingDirectionConfig: 'btn_shadow' - Use CSS box-shadow instead.
2026-08-13 22:23:40,023 [WARNING] [MainThread] [deprecation/deprecation.py:146]: [DEPRECATED] MediaWidgetConfig: 'label_shadow' - Use CSS text-shadow instead.
2026-08-13 22:23:40,045 [WARNING] [MainThread] [deprecation/deprecation.py:146]: [DEPRECATED] LanguageConfig: 'label_shadow' - Use CSS text-shadow instead.
2026-08-13 22:23:40,050 [WARNING] [MainThread] [deprecation/deprecation.py:150]: [DEPRECATED] VolumeConfig: 'volume_icons' renamed to 'icons' - Use 'icons' with the dictionary format instead.
2026-08-13 22:23:40,050 [WARNING] [MainThread] [deprecation/deprecation.py:146]: [DEPRECATED] VolumeConfig: 'label_shadow' - Use CSS text-shadow instead.
2026-08-13 22:23:40,058 [INFO] [MainThread] [root/service.py:52]: AudioOutputService starting...
2026-08-13 22:23:40,085 [INFO] [MainThread] [root/service.py:41]: AudioInputService starting...
2026-08-13 22:23:40,090 [INFO] [SystrayHook] [systray_hook/systray_hook.py:193]: Injecting into Explorer (PID: 7512)
2026-08-13 22:23:40,325 [INFO] [MainThread] [taskbar_window_manager/window_manager.py:178]: TaskbarWindowManager is starting...
2026-08-13 22:23:40,328 [INFO] [MainThread] [root/bar_manager.py:103]: Starting SystemEventListener...
2026-08-13 22:23:40,329 [INFO] [MainThread] [root/watcher.py:65]: Watching directory: c:\users\breno duque\.config\yasb
2026-08-13 22:23:40,329 [INFO] [MainThread] [root/watcher.py:104]: Created file watcher
2026-08-13 22:23:40,336 [INFO] [MainThread] [root/update_service.py:434]: Background update checker started
2026-08-14 02:53:11,973 [INFO] [MainThread] [root/log.py:104]: YASB v2.0.6
2026-08-14 02:53:11,974 [INFO] [CLIPipeServer] [cli_server/cli_server.py:216]: CLI server started v1.1.7
2026-08-14 02:53:11,974 [INFO] [MainThread] [cli_server/cli_server.py:106]: Log pipe server started
2026-08-14 02:53:12,067 [WARNING] [MainThread] [deprecation/deprecation.py:146]: [DEPRECATED] BarAlignment: 'center' - Use 'align' instead.
2026-08-14 02:53:12,068 [WARNING] [MainThread] [deprecation/deprecation.py:146]: [DEPRECATED] BarBlurEffect: 'acrylic' - No longer supported and can be removed from the config.
2026-08-14 02:53:12,186 [WARNING] [MainThread] [deprecation/deprecation.py:146]: [DEPRECATED] GlazewmWorkspacesConfig: 'hide_empty_workspaces' - No longer supported and can be removed from the config.
2026-08-14 02:53:12,186 [WARNING] [MainThread] [deprecation/deprecation.py:146]: [DEPRECATED] GlazewmWorkspacesConfig: 'btn_shadow' - Use CSS box-shadow instead.
2026-08-14 02:53:12,186 [WARNING] [MainThread] [deprecation/deprecation.py:146]: [DEPRECATED] GlazewmWorkspacesConfig: 'animation' - Use CSS animations instead.
2026-08-14 02:53:12,225 [WARNING] [MainThread] [deprecation/deprecation.py:146]: [DEPRECATED] GlazewmTilingDirectionConfig: 'btn_shadow' - Use CSS box-shadow instead.
2026-08-14 02:53:12,341 [INFO] [SystrayHook] [systray_hook/systray_hook.py:193]: Injecting into Explorer (PID: 7212)
2026-08-14 02:53:12,423 [WARNING] [MainThread] [deprecation/deprecation.py:146]: [DEPRECATED] MediaWidgetConfig: 'label_shadow' - Use CSS text-shadow instead.
2026-08-14 02:53:12,483 [WARNING] [MainThread] [deprecation/deprecation.py:146]: [DEPRECATED] LanguageConfig: 'label_shadow' - Use CSS text-shadow instead.
2026-08-14 02:53:12,489 [WARNING] [MainThread] [deprecation/deprecation.py:150]: [DEPRECATED] VolumeConfig: 'volume_icons' renamed to 'icons' - Use 'icons' with the dictionary format instead.
2026-08-14 02:53:12,489 [WARNING] [MainThread] [deprecation/deprecation.py:146]: [DEPRECATED] VolumeConfig: 'label_shadow' - Use CSS text-shadow instead.
2026-08-14 02:53:12,497 [INFO] [MainThread] [root/service.py:52]: AudioOutputService starting...
2026-08-14 02:53:12,528 [INFO] [MainThread] [root/service.py:41]: AudioInputService starting...
2026-08-14 02:53:12,866 [INFO] [MainThread] [taskbar_window_manager/window_manager.py:178]: TaskbarWindowManager is starting...
2026-08-14 02:53:12,982 [INFO] [MainThread] [root/bar_manager.py:103]: Starting SystemEventListener...
2026-08-14 02:53:12,983 [INFO] [MainThread] [root/watcher.py:65]: Watching directory: c:\users\breno duque\.config\yasb
2026-08-14 02:53:12,984 [INFO] [MainThread] [root/watcher.py:104]: Created file watcher
2026-08-14 02:53:12,994 [INFO] [MainThread] [root/update_service.py:434]: Background update checker started
Windows fatal exception: code 0x8001010e

Thread 0x000040d8 [Thread-6] (most recent call first):
  File "C:\hostedtoolcache\windows\Python\3.14.6\x64\Lib\threading.py", line 369 in wait
  File "C:\hostedtoolcache\windows\Python\3.14.6\x64\Lib\queue.py", line 199 in get
  File "D:\a\yasb\yasb\venv\Lib\site-packages\watchdog\observers\api.py", line 379 in dispatch_events
  File "D:\a\yasb\yasb\venv\Lib\site-packages\watchdog\observers\api.py", line 213 in run
  File "C:\hostedtoolcache\windows\Python\3.14.6\x64\Lib\threading.py", line 1082 in _bootstrap_inner
  File "C:\hostedtoolcache\windows\Python\3.14.6\x64\Lib\threading.py", line 1044 in _bootstrap

Thread 0x000040d4 [Thread-7] (most recent call first):
  File "D:\a\yasb\yasb\venv\Lib\site-packages\watchdog\observers\winapi.py", line 326 in read_directory_changes
  File "D:\a\yasb\yasb\venv\Lib\site-packages\watchdog\observers\winapi.py", line 380 in read_events
  File "D:\a\yasb\yasb\venv\Lib\site-packages\watchdog\observers\read_directory_changes.py", line 67 in _read_events
  File "D:\a\yasb\yasb\venv\Lib\site-packages\watchdog\observers\read_directory_changes.py", line 70 in queue_events
  File "D:\a\yasb\yasb\venv\Lib\site-packages\watchdog\observers\api.py", line 158 in run
  File "C:\hostedtoolcache\windows\Python\3.14.6\x64\Lib\threading.py", line 1082 in _bootstrap_inner
  File "C:\hostedtoolcache\windows\Python\3.14.6\x64\Lib\threading.py", line 1044 in _bootstrap

Thread 0x000040d0 [SystemEventListener] (most recent call first):
  File "D:\a\yasb\yasb\src\core\utils\win32\event_listener.py", line 69 in run

Thread 0x00003c48 [SystrayHook] (most recent call first):
  File "D:\a\yasb\yasb\src\core\widgets\services\systray\systray_hook.py", line 247 in run
  File "D:\a\yasb\yasb\src\core\widgets\yasb\systray.py", line 79 in run

Thread 0x00003dac [_EventWorker] (most recent call first):
  File "D:\a\yasb\yasb\venv\Lib\site-packages\qasync\_windows.py", line 147 in _poll
  File "D:\a\yasb\yasb\venv\Lib\site-packages\qasync\_windows.py", line 72 in select
  File "D:\a\yasb\yasb\venv\Lib\site-packages\qasync\_windows.py", line 199 in run

Thread 0x00003dfc [LogPipeServer] (most recent call first):
  File "D:\a\yasb\yasb\src\core\utils\win32\bindings\kernel32.py", line 291 in ConnectNamedPipe
  File "D:\a\yasb\yasb\src\core\utils\cli_server.py", line 138 in _run_server
  File "C:\hostedtoolcache\windows\Python\3.14.6\x64\Lib\threading.py", line 1024 in run
  File "C:\hostedtoolcache\windows\Python\3.14.6\x64\Lib\threading.py", line 1082 in _bootstrap_inner
  File "C:\hostedtoolcache\windows\Python\3.14.6\x64\Lib\threading.py", line 1044 in _bootstrap

Thread 0x00003df8 [CLIPipeServer] (most recent call first):
  File "D:\a\yasb\yasb\src\core\utils\win32\bindings\kernel32.py", line 291 in ConnectNamedPipe
  File "D:\a\yasb\yasb\src\core\utils\cli_server.py", line 235 in _run_server
  File "C:\hostedtoolcache\windows\Python\3.14.6\x64\Lib\threading.py", line 1024 in run
  File "C:\hostedtoolcache\windows\Python\3.14.6\x64\Lib\threading.py", line 1082 in _bootstrap_inner
  File "C:\hostedtoolcache\windows\Python\3.14.6\x64\Lib\threading.py", line 1044 in _bootstrap

Current thread 0x00003c0c (most recent call first):
  File "D:\a\yasb\yasb\src\core\widgets\services\media\media.py", line 262 in _on_current_session_changed
  File "C:\hostedtoolcache\windows\Python\3.14.6\x64\Lib\asyncio\events.py", line 94 in _run
  File "D:\a\yasb\yasb\venv\Lib\site-packages\qasync\__init__.py", line 307 in timerEvent
  File "D:\a\yasb\yasb\venv\Lib\site-packages\qasync\__init__.py", line 404 in run_forever
  File "D:\a\yasb\yasb\venv\Lib\site-packages\qasync\__init__.py", line 428 in run_until_complete
  File "main.py", line 100 in main
  File "main.py", line 203 in <module>
  File "D:\a\yasb\yasb\venv\Lib\site-packages\freeze_core\initscripts\console.py", line 43 in run
  File "src/freeze_core/initscripts/__startup__.py", line 147 in run
2026-08-14 03:20:07,101 [INFO] [MainThread] [root/bar.py:153]: Screen geometry changed. Updating position for bar primary-bar on screen ARZOPA
2026-08-14 04:34:57,750 [INFO] [MainThread] [root/bar_manager.py:119]: Stopping SystemEventListener...
2026-08-14 04:34:57,785 [INFO] [MainThread] [taskbar_window_manager/window_manager.py:205]: TaskbarWindowManager stopped
2026-08-14 10:01:22,503 [INFO] [MainThread] [root/log.py:104]: YASB v2.0.6
2026-08-14 10:01:22,504 [INFO] [CLIPipeServer] [cli_server/cli_server.py:216]: CLI server started v1.1.7
2026-08-14 10:01:22,504 [INFO] [MainThread] [cli_server/cli_server.py:106]: Log pipe server started
2026-08-14 10:01:22,599 [WARNING] [MainThread] [deprecation/deprecation.py:146]: [DEPRECATED] BarAlignment: 'center' - Use 'align' instead.
2026-08-14 10:01:22,599 [WARNING] [MainThread] [deprecation/deprecation.py:146]: [DEPRECATED] BarBlurEffect: 'acrylic' - No longer supported and can be removed from the config.
2026-08-14 10:01:22,695 [WARNING] [MainThread] [deprecation/deprecation.py:146]: [DEPRECATED] GlazewmWorkspacesConfig: 'hide_empty_workspaces' - No longer supported and can be removed from the config.
2026-08-14 10:01:22,695 [WARNING] [MainThread] [deprecation/deprecation.py:146]: [DEPRECATED] GlazewmWorkspacesConfig: 'btn_shadow' - Use CSS box-shadow instead.
2026-08-14 10:01:22,695 [WARNING] [MainThread] [deprecation/deprecation.py:146]: [DEPRECATED] GlazewmWorkspacesConfig: 'animation' - Use CSS animations instead.
2026-08-14 10:01:22,733 [WARNING] [MainThread] [deprecation/deprecation.py:146]: [DEPRECATED] GlazewmTilingDirectionConfig: 'btn_shadow' - Use CSS box-shadow instead.
2026-08-14 10:01:22,847 [INFO] [SystrayHook] [systray_hook/systray_hook.py:193]: Injecting into Explorer (PID: 2556)
2026-08-14 10:01:22,852 [WARNING] [MainThread] [deprecation/deprecation.py:146]: [DEPRECATED] MediaWidgetConfig: 'label_shadow' - Use CSS text-shadow instead.
2026-08-14 10:01:22,916 [WARNING] [MainThread] [deprecation/deprecation.py:146]: [DEPRECATED] LanguageConfig: 'label_shadow' - Use CSS text-shadow instead.
2026-08-14 10:01:22,922 [WARNING] [MainThread] [deprecation/deprecation.py:150]: [DEPRECATED] VolumeConfig: 'volume_icons' renamed to 'icons' - Use 'icons' with the dictionary format instead.
2026-08-14 10:01:22,922 [WARNING] [MainThread] [deprecation/deprecation.py:146]: [DEPRECATED] VolumeConfig: 'label_shadow' - Use CSS text-shadow instead.
2026-08-14 10:01:22,932 [INFO] [MainThread] [root/service.py:52]: AudioOutputService starting...
2026-08-14 10:01:22,969 [INFO] [MainThread] [root/service.py:41]: AudioInputService starting...
2026-08-14 10:01:23,276 [INFO] [MainThread] [taskbar_window_manager/window_manager.py:178]: TaskbarWindowManager is starting...
2026-08-14 10:01:23,440 [INFO] [MainThread] [root/bar_manager.py:103]: Starting SystemEventListener...
2026-08-14 10:01:23,441 [INFO] [MainThread] [root/watcher.py:65]: Watching directory: c:\users\breno duque\.config\yasb
2026-08-14 10:01:23,441 [INFO] [MainThread] [root/watcher.py:104]: Created file watcher
2026-08-14 10:01:23,454 [INFO] [MainThread] [root/update_service.py:434]: Background update checker started
2026-08-14 10:01:23,512 [ERROR] [UpdateChecker] [root/update_service.py:306]: Unexpected error checking for updates: [Errno 9] Bad file descriptor
2026-08-14 10:01:23,512 [WARNING] [UpdateChecker] [root/update_service.py:430]: Background update check failed: [Errno 9] Bad file descriptor
2026-08-14 21:24:07,768 [WARNING] [MainThread] [glazewm_client/client.py:134]: WebSocket error: SocketError.RemoteHostClosedError. Reconnecting...
2026-08-14 21:24:07,780 [WARNING] [MainThread] [glazewm_client/client.py:134]: WebSocket error: SocketError.RemoteHostClosedError. Reconnecting...
2026-08-14 21:24:07,783 [WARNING] [MainThread] [glazewm_client/client.py:134]: WebSocket error: SocketError.RemoteHostClosedError. Reconnecting...
2026-08-14 21:24:07,783 [WARNING] [MainThread] [glazewm_client/client.py:134]: WebSocket error: SocketError.RemoteHostClosedError. Reconnecting...
2026-08-14 21:24:18,648 [INFO] [MainThread] [root/controller.py:43]: Exiting Application from tray...
2026-08-14 21:24:18,751 [INFO] [MainThread] [cli_server/cli_server.py:114]: Log pipe server stopped
2026-08-14 21:24:19,040 [INFO] [MainThread] [root/bar_manager.py:119]: Stopping SystemEventListener...
2026-08-14 21:24:19,042 [INFO] [MainThread] [taskbar_window_manager/window_manager.py:205]: TaskbarWindowManager stopped
